[19-Jul-2022 06:28:57 Europe/Berlin] Please enter your password with at least 8 characters.
[19-Jul-2022 06:38:49 Europe/Berlin] PHP Warning:  require_once(inc/Utility/PDOWrapper.class.php): Failed to open stream: No such file or directory in E:\CSIS\Summer2022\3280\3280-project\Logout.php on line 8
[19-Jul-2022 06:38:49 Europe/Berlin] PHP Fatal error:  Uncaught Error: Failed opening required 'inc/Utility/PDOWrapper.class.php' (include_path='C:\xampp\php\PEAR') in E:\CSIS\Summer2022\3280\3280-project\Logout.php:8
Stack trace:
#0 {main}
  thrown in E:\CSIS\Summer2022\3280\3280-project\Logout.php on line 8
[19-Jul-2022 06:39:19 Europe/Berlin] PHP Warning:  Undefined array key "username" in E:\CSIS\Summer2022\3280\3280-project\inc\Entity\Page.class.php on line 129
[19-Jul-2022 06:46:56 Europe/Berlin] Please enter the correct email address.
[19-Jul-2022 06:46:56 Europe/Berlin] Please enter your username.
[19-Jul-2022 06:46:56 Europe/Berlin] Please enter your password with at least 8 characters.
[19-Jul-2022 06:47:44 Europe/Berlin] Please enter the correct email address.
[19-Jul-2022 06:47:44 Europe/Berlin] Please enter your password with at least 8 characters.
[19-Jul-2022 06:48:16 Europe/Berlin] Please enter the correct email address.
[19-Jul-2022 06:48:16 Europe/Berlin] Please enter your username.
[19-Jul-2022 06:48:16 Europe/Berlin] Please enter your password with at least 8 characters.
[19-Jul-2022 06:49:10 Europe/Berlin] Please enter the correct email address.
[19-Jul-2022 06:49:10 Europe/Berlin] Please enter your username.
[19-Jul-2022 06:49:10 Europe/Berlin] Please enter your password with at least 8 characters.
[19-Jul-2022 06:49:44 Europe/Berlin] Please enter the correct email address.
[19-Jul-2022 06:49:44 Europe/Berlin] Please enter your password with at least 8 characters.
[19-Jul-2022 06:50:57 Europe/Berlin] Please enter your password with at least 8 characters.
[19-Jul-2022 06:53:17 Europe/Berlin] Please enter the correct email address.
[19-Jul-2022 06:53:17 Europe/Berlin] Please enter your username.
[19-Jul-2022 06:53:17 Europe/Berlin] Please enter your password with at least 8 characters.
[19-Jul-2022 06:55:47 Europe/Berlin] PHP Warning:  session_destroy(): Trying to destroy uninitialized session in E:\CSIS\Summer2022\3280\3280-project\Login.php on line 13
[19-Jul-2022 06:55:47 Europe/Berlin] PHP Warning:  session_start(): Session cannot be started after headers have already been sent in E:\CSIS\Summer2022\3280\3280-project\inc\Utility\LoginManager.class.php on line 8
[19-Jul-2022 06:55:47 Europe/Berlin] PHP Warning:  session_destroy(): Trying to destroy uninitialized session in E:\CSIS\Summer2022\3280\3280-project\inc\Utility\LoginManager.class.php on line 14
[19-Jul-2022 07:01:15 Europe/Berlin] Please enter your password with at least 8 characters.
[19-Jul-2022 07:01:15 Europe/Berlin] Email has been taken.
[19-Jul-2022 07:05:00 Europe/Berlin] PHP Warning:  Undefined array key "username" in E:\CSIS\Summer2022\3280\3280-project\inc\Entity\Page.class.php on line 139
[19-Jul-2022 07:29:31 Europe/Berlin] PHP Warning:  session_start(): Session cannot be started after headers have already been sent in E:\CSIS\Summer2022\3280\3280-project\inc\Utility\LoginManager.class.php on line 8
[19-Jul-2022 07:29:31 Europe/Berlin] PHP Warning:  session_destroy(): Trying to destroy uninitialized session in E:\CSIS\Summer2022\3280\3280-project\inc\Utility\LoginManager.class.php on line 14
[19-Jul-2022 07:29:41 Europe/Berlin] PHP Warning:  session_start(): Session cannot be started after headers have already been sent in E:\CSIS\Summer2022\3280\3280-project\inc\Utility\LoginManager.class.php on line 8
[19-Jul-2022 07:29:41 Europe/Berlin] PHP Warning:  session_destroy(): Trying to destroy uninitialized session in E:\CSIS\Summer2022\3280\3280-project\inc\Utility\LoginManager.class.php on line 14
[19-Jul-2022 07:29:46 Europe/Berlin] PHP Warning:  session_start(): Session cannot be started after headers have already been sent in E:\CSIS\Summer2022\3280\3280-project\inc\Utility\LoginManager.class.php on line 8
[19-Jul-2022 07:29:46 Europe/Berlin] PHP Warning:  session_destroy(): Trying to destroy uninitialized session in E:\CSIS\Summer2022\3280\3280-project\inc\Utility\LoginManager.class.php on line 14
[19-Jul-2022 07:30:00 Europe/Berlin] PHP Warning:  session_start(): Session cannot be started after headers have already been sent in E:\CSIS\Summer2022\3280\3280-project\inc\Utility\LoginManager.class.php on line 8
[19-Jul-2022 07:30:00 Europe/Berlin] PHP Warning:  session_destroy(): Trying to destroy uninitialized session in E:\CSIS\Summer2022\3280\3280-project\inc\Utility\LoginManager.class.php on line 14
[19-Jul-2022 07:58:03 Europe/Berlin] PHP Warning:  Undefined array key "loggedemail" in E:\CSIS\Summer2022\3280\3280-project\Logout.php on line 21
[19-Jul-2022 07:58:03 Europe/Berlin] PHP Fatal error:  Uncaught TypeError: UserDAO::getUser(): Argument #1 ($email) must be of type string, null given, called in E:\CSIS\Summer2022\3280\3280-project\Logout.php on line 21 and defined in E:\CSIS\Summer2022\3280\3280-project\inc\Utility\UserDAO.class.php:32
Stack trace:
#0 E:\CSIS\Summer2022\3280\3280-project\Logout.php(21): UserDAO::getUser(NULL)
#1 {main}
  thrown in E:\CSIS\Summer2022\3280\3280-project\inc\Utility\UserDAO.class.php on line 32
[20-Jul-2022 00:15:21 Europe/Berlin] PHP Warning:  file_get_contents(https://tasty.p.rapidapi.com/recipes/auto-complete): Failed to open stream: HTTP request failed! HTTP/1.1 401 Unauthorized
 in E:\CSIS\Summer2022\3280\3280-project\Home.php on line 20
[20-Jul-2022 00:28:43 Europe/Berlin] PHP Warning:  file_get_contents(https://rakuten_webservice-rakuten-recipe-v1.p.rapidapi.com/services/api/Recipe/CategoryList/20170426): Failed to open stream: HTTP request failed! HTTP/1.1 401 Unauthorized
 in E:\CSIS\Summer2022\3280\3280-project\Home.php on line 20
[20-Jul-2022 01:10:27 Europe/Berlin] PHP Warning:  file_get_contents(https://rakuten_webservice-rakuten-recipe-v1.p.rapidapi.com/services/api/Recipe/CategoryList/20170426): Failed to open stream: HTTP request failed! HTTP/1.1 401 Unauthorized
 in E:\CSIS\Summer2022\3280\3280-project\Home.php on line 20
[20-Jul-2022 01:19:56 Europe/Berlin] PHP Warning:  file_get_contents(www.themealdb.com/api/json/v1/1/search.php?f=a): Failed to open stream: No such file or directory in E:\CSIS\Summer2022\3280\3280-project\Home.php on line 20
[20-Jul-2022 01:22:47 Europe/Berlin] PHP Warning:  file_get_contents(www.themealdb.com/api/json/v1/1/search.php?f=a): Failed to open stream: No such file or directory in E:\CSIS\Summer2022\3280\3280-project\Home.php on line 20
[20-Jul-2022 01:22:48 Europe/Berlin] PHP Warning:  file_get_contents(www.themealdb.com/api/json/v1/1/search.php?f=a): Failed to open stream: No such file or directory in E:\CSIS\Summer2022\3280\3280-project\Home.php on line 20
[20-Jul-2022 01:22:50 Europe/Berlin] PHP Warning:  file_get_contents(www.themealdb.com/api/json/v1/1/search.php?f=a): Failed to open stream: No such file or directory in E:\CSIS\Summer2022\3280\3280-project\Home.php on line 20
[20-Jul-2022 01:23:16 Europe/Berlin] PHP Warning:  file_get_contents(www.themealdb.com/api/json/v1/1/search.php?f=a): Failed to open stream: No such file or directory in E:\CSIS\Summer2022\3280\3280-project\Home.php on line 20
[20-Jul-2022 23:04:45 Europe/Berlin] PHP Warning:  Attempt to read property "strMeal" on array in E:\CSIS\Summer2022\3280\3280-project\inc\Utility\RecipeService.class.php on line 12
[20-Jul-2022 23:04:45 Europe/Berlin] PHP Warning:  Undefined property: stdClass::$idMeal in E:\CSIS\Summer2022\3280\3280-project\inc\Utility\RecipeService.class.php on line 15
[20-Jul-2022 23:04:45 Europe/Berlin] PHP Warning:  Undefined property: stdClass::$strMeal in E:\CSIS\Summer2022\3280\3280-project\inc\Utility\RecipeService.class.php on line 16
[20-Jul-2022 23:04:45 Europe/Berlin] PHP Warning:  Undefined property: stdClass::$strInstructions in E:\CSIS\Summer2022\3280\3280-project\inc\Utility\RecipeService.class.php on line 17
[20-Jul-2022 23:04:45 Europe/Berlin] PHP Warning:  Undefined property: stdClass::$strMealThumb in E:\CSIS\Summer2022\3280\3280-project\inc\Utility\RecipeService.class.php on line 18
[20-Jul-2022 23:04:45 Europe/Berlin] PHP Warning:  Undefined property: stdClass::$strCategory in E:\CSIS\Summer2022\3280\3280-project\inc\Utility\RecipeService.class.php on line 19
[20-Jul-2022 23:04:45 Europe/Berlin] PHP Warning:  Undefined property: stdClass::$strTags in E:\CSIS\Summer2022\3280\3280-project\inc\Utility\RecipeService.class.php on line 20
[20-Jul-2022 23:06:27 Europe/Berlin] PHP Warning:  Attempt to read property "strMeal" on array in E:\CSIS\Summer2022\3280\3280-project\inc\Utility\RecipeService.class.php on line 12
[20-Jul-2022 23:06:28 Europe/Berlin] PHP Warning:  Undefined property: stdClass::$idMeal in E:\CSIS\Summer2022\3280\3280-project\inc\Utility\RecipeService.class.php on line 15
[20-Jul-2022 23:06:28 Europe/Berlin] PHP Warning:  Undefined property: stdClass::$strMeal in E:\CSIS\Summer2022\3280\3280-project\inc\Utility\RecipeService.class.php on line 16
[20-Jul-2022 23:06:28 Europe/Berlin] PHP Warning:  Undefined property: stdClass::$strInstructions in E:\CSIS\Summer2022\3280\3280-project\inc\Utility\RecipeService.class.php on line 17
[20-Jul-2022 23:06:28 Europe/Berlin] PHP Warning:  Undefined property: stdClass::$strMealThumb in E:\CSIS\Summer2022\3280\3280-project\inc\Utility\RecipeService.class.php on line 18
[20-Jul-2022 23:06:28 Europe/Berlin] PHP Warning:  Undefined property: stdClass::$strCategory in E:\CSIS\Summer2022\3280\3280-project\inc\Utility\RecipeService.class.php on line 19
[20-Jul-2022 23:06:28 Europe/Berlin] PHP Warning:  Undefined property: stdClass::$strTags in E:\CSIS\Summer2022\3280\3280-project\inc\Utility\RecipeService.class.php on line 20
[20-Jul-2022 23:07:02 Europe/Berlin] PHP Warning:  Undefined property: stdClass::$idMeal in E:\CSIS\Summer2022\3280\3280-project\inc\Utility\RecipeService.class.php on line 15
[20-Jul-2022 23:07:02 Europe/Berlin] PHP Warning:  Undefined property: stdClass::$strMeal in E:\CSIS\Summer2022\3280\3280-project\inc\Utility\RecipeService.class.php on line 16
[20-Jul-2022 23:07:02 Europe/Berlin] PHP Warning:  Undefined property: stdClass::$strInstructions in E:\CSIS\Summer2022\3280\3280-project\inc\Utility\RecipeService.class.php on line 17
[20-Jul-2022 23:07:02 Europe/Berlin] PHP Warning:  Undefined property: stdClass::$strMealThumb in E:\CSIS\Summer2022\3280\3280-project\inc\Utility\RecipeService.class.php on line 18
[20-Jul-2022 23:07:02 Europe/Berlin] PHP Warning:  Undefined property: stdClass::$strCategory in E:\CSIS\Summer2022\3280\3280-project\inc\Utility\RecipeService.class.php on line 19
[20-Jul-2022 23:07:02 Europe/Berlin] PHP Warning:  Undefined property: stdClass::$strTags in E:\CSIS\Summer2022\3280\3280-project\inc\Utility\RecipeService.class.php on line 20
[20-Jul-2022 23:07:02 Europe/Berlin] PHP Warning:  Undefined property: stdClass::$idMeal in E:\CSIS\Summer2022\3280\3280-project\inc\Utility\RecipeService.class.php on line 15
[20-Jul-2022 23:07:02 Europe/Berlin] PHP Warning:  Undefined property: stdClass::$strMeal in E:\CSIS\Summer2022\3280\3280-project\inc\Utility\RecipeService.class.php on line 16
[20-Jul-2022 23:07:02 Europe/Berlin] PHP Warning:  Undefined property: stdClass::$strInstructions in E:\CSIS\Summer2022\3280\3280-project\inc\Utility\RecipeService.class.php on line 17
[20-Jul-2022 23:07:02 Europe/Berlin] PHP Warning:  Undefined property: stdClass::$strMealThumb in E:\CSIS\Summer2022\3280\3280-project\inc\Utility\RecipeService.class.php on line 18
[20-Jul-2022 23:07:02 Europe/Berlin] PHP Warning:  Undefined property: stdClass::$strCategory in E:\CSIS\Summer2022\3280\3280-project\inc\Utility\RecipeService.class.php on line 19
[20-Jul-2022 23:07:02 Europe/Berlin] PHP Warning:  Undefined property: stdClass::$strTags in E:\CSIS\Summer2022\3280\3280-project\inc\Utility\RecipeService.class.php on line 20
[20-Jul-2022 23:07:03 Europe/Berlin] PHP Warning:  Undefined property: stdClass::$idMeal in E:\CSIS\Summer2022\3280\3280-project\inc\Utility\RecipeService.class.php on line 15
[20-Jul-2022 23:07:03 Europe/Berlin] PHP Warning:  Undefined property: stdClass::$strMeal in E:\CSIS\Summer2022\3280\3280-project\inc\Utility\RecipeService.class.php on line 16
[20-Jul-2022 23:07:03 Europe/Berlin] PHP Warning:  Undefined property: stdClass::$strInstructions in E:\CSIS\Summer2022\3280\3280-project\inc\Utility\RecipeService.class.php on line 17
[20-Jul-2022 23:07:03 Europe/Berlin] PHP Warning:  Undefined property: stdClass::$strMealThumb in E:\CSIS\Summer2022\3280\3280-project\inc\Utility\RecipeService.class.php on line 18
[20-Jul-2022 23:07:03 Europe/Berlin] PHP Warning:  Undefined property: stdClass::$strCategory in E:\CSIS\Summer2022\3280\3280-project\inc\Utility\RecipeService.class.php on line 19
[20-Jul-2022 23:07:03 Europe/Berlin] PHP Warning:  Undefined property: stdClass::$strTags in E:\CSIS\Summer2022\3280\3280-project\inc\Utility\RecipeService.class.php on line 20
[20-Jul-2022 23:07:03 Europe/Berlin] PHP Warning:  Undefined property: stdClass::$idMeal in E:\CSIS\Summer2022\3280\3280-project\inc\Utility\RecipeService.class.php on line 15
[20-Jul-2022 23:07:03 Europe/Berlin] PHP Warning:  Undefined property: stdClass::$strMeal in E:\CSIS\Summer2022\3280\3280-project\inc\Utility\RecipeService.class.php on line 16
[20-Jul-2022 23:07:03 Europe/Berlin] PHP Warning:  Undefined property: stdClass::$strInstructions in E:\CSIS\Summer2022\3280\3280-project\inc\Utility\RecipeService.class.php on line 17
[20-Jul-2022 23:07:03 Europe/Berlin] PHP Warning:  Undefined property: stdClass::$strMealThumb in E:\CSIS\Summer2022\3280\3280-project\inc\Utility\RecipeService.class.php on line 18
[20-Jul-2022 23:07:03 Europe/Berlin] PHP Warning:  Undefined property: stdClass::$strCategory in E:\CSIS\Summer2022\3280\3280-project\inc\Utility\RecipeService.class.php on line 19
[20-Jul-2022 23:07:03 Europe/Berlin] PHP Warning:  Undefined property: stdClass::$strTags in E:\CSIS\Summer2022\3280\3280-project\inc\Utility\RecipeService.class.php on line 20
[20-Jul-2022 23:07:03 Europe/Berlin] PHP Warning:  Undefined property: stdClass::$idMeal in E:\CSIS\Summer2022\3280\3280-project\inc\Utility\RecipeService.class.php on line 15
[20-Jul-2022 23:07:03 Europe/Berlin] PHP Warning:  Undefined property: stdClass::$strMeal in E:\CSIS\Summer2022\3280\3280-project\inc\Utility\RecipeService.class.php on line 16
[20-Jul-2022 23:07:03 Europe/Berlin] PHP Warning:  Undefined property: stdClass::$strInstructions in E:\CSIS\Summer2022\3280\3280-project\inc\Utility\RecipeService.class.php on line 17
[20-Jul-2022 23:07:03 Europe/Berlin] PHP Warning:  Undefined property: stdClass::$strMealThumb in E:\CSIS\Summer2022\3280\3280-project\inc\Utility\RecipeService.class.php on line 18
[20-Jul-2022 23:07:03 Europe/Berlin] PHP Warning:  Undefined property: stdClass::$strCategory in E:\CSIS\Summer2022\3280\3280-project\inc\Utility\RecipeService.class.php on line 19
[20-Jul-2022 23:07:03 Europe/Berlin] PHP Warning:  Undefined property: stdClass::$strTags in E:\CSIS\Summer2022\3280\3280-project\inc\Utility\RecipeService.class.php on line 20
[20-Jul-2022 23:07:04 Europe/Berlin] PHP Warning:  Undefined property: stdClass::$idMeal in E:\CSIS\Summer2022\3280\3280-project\inc\Utility\RecipeService.class.php on line 15
[20-Jul-2022 23:07:04 Europe/Berlin] PHP Warning:  Undefined property: stdClass::$strMeal in E:\CSIS\Summer2022\3280\3280-project\inc\Utility\RecipeService.class.php on line 16
[20-Jul-2022 23:07:04 Europe/Berlin] PHP Warning:  Undefined property: stdClass::$strInstructions in E:\CSIS\Summer2022\3280\3280-project\inc\Utility\RecipeService.class.php on line 17
[20-Jul-2022 23:07:04 Europe/Berlin] PHP Warning:  Undefined property: stdClass::$strMealThumb in E:\CSIS\Summer2022\3280\3280-project\inc\Utility\RecipeService.class.php on line 18
[20-Jul-2022 23:07:04 Europe/Berlin] PHP Warning:  Undefined property: stdClass::$strCategory in E:\CSIS\Summer2022\3280\3280-project\inc\Utility\RecipeService.class.php on line 19
[20-Jul-2022 23:07:04 Europe/Berlin] PHP Warning:  Undefined property: stdClass::$strTags in E:\CSIS\Summer2022\3280\3280-project\inc\Utility\RecipeService.class.php on line 20
[20-Jul-2022 23:07:04 Europe/Berlin] PHP Warning:  Undefined property: stdClass::$idMeal in E:\CSIS\Summer2022\3280\3280-project\inc\Utility\RecipeService.class.php on line 15
[20-Jul-2022 23:07:04 Europe/Berlin] PHP Warning:  Undefined property: stdClass::$strMeal in E:\CSIS\Summer2022\3280\3280-project\inc\Utility\RecipeService.class.php on line 16
[20-Jul-2022 23:07:04 Europe/Berlin] PHP Warning:  Undefined property: stdClass::$strInstructions in E:\CSIS\Summer2022\3280\3280-project\inc\Utility\RecipeService.class.php on line 17
[20-Jul-2022 23:07:04 Europe/Berlin] PHP Warning:  Undefined property: stdClass::$strMealThumb in E:\CSIS\Summer2022\3280\3280-project\inc\Utility\RecipeService.class.php on line 18
[20-Jul-2022 23:07:04 Europe/Berlin] PHP Warning:  Undefined property: stdClass::$strCategory in E:\CSIS\Summer2022\3280\3280-project\inc\Utility\RecipeService.class.php on line 19
[20-Jul-2022 23:07:04 Europe/Berlin] PHP Warning:  Undefined property: stdClass::$strTags in E:\CSIS\Summer2022\3280\3280-project\inc\Utility\RecipeService.class.php on line 20
[20-Jul-2022 23:07:04 Europe/Berlin] PHP Warning:  Undefined property: stdClass::$idMeal in E:\CSIS\Summer2022\3280\3280-project\inc\Utility\RecipeService.class.php on line 15
[20-Jul-2022 23:07:04 Europe/Berlin] PHP Warning:  Undefined property: stdClass::$strMeal in E:\CSIS\Summer2022\3280\3280-project\inc\Utility\RecipeService.class.php on line 16
[20-Jul-2022 23:07:04 Europe/Berlin] PHP Warning:  Undefined property: stdClass::$strInstructions in E:\CSIS\Summer2022\3280\3280-project\inc\Utility\RecipeService.class.php on line 17
[20-Jul-2022 23:07:04 Europe/Berlin] PHP Warning:  Undefined property: stdClass::$strMealThumb in E:\CSIS\Summer2022\3280\3280-project\inc\Utility\RecipeService.class.php on line 18
[20-Jul-2022 23:07:04 Europe/Berlin] PHP Warning:  Undefined property: stdClass::$strCategory in E:\CSIS\Summer2022\3280\3280-project\inc\Utility\RecipeService.class.php on line 19
[20-Jul-2022 23:07:04 Europe/Berlin] PHP Warning:  Undefined property: stdClass::$strTags in E:\CSIS\Summer2022\3280\3280-project\inc\Utility\RecipeService.class.php on line 20
[20-Jul-2022 23:07:05 Europe/Berlin] PHP Warning:  Undefined property: stdClass::$idMeal in E:\CSIS\Summer2022\3280\3280-project\inc\Utility\RecipeService.class.php on line 15
[20-Jul-2022 23:07:05 Europe/Berlin] PHP Warning:  Undefined property: stdClass::$strMeal in E:\CSIS\Summer2022\3280\3280-project\inc\Utility\RecipeService.class.php on line 16
[20-Jul-2022 23:07:05 Europe/Berlin] PHP Warning:  Undefined property: stdClass::$strInstructions in E:\CSIS\Summer2022\3280\3280-project\inc\Utility\RecipeService.class.php on line 17
[20-Jul-2022 23:07:05 Europe/Berlin] PHP Warning:  Undefined property: stdClass::$strMealThumb in E:\CSIS\Summer2022\3280\3280-project\inc\Utility\RecipeService.class.php on line 18
[20-Jul-2022 23:07:05 Europe/Berlin] PHP Warning:  Undefined property: stdClass::$strCategory in E:\CSIS\Summer2022\3280\3280-project\inc\Utility\RecipeService.class.php on line 19
[20-Jul-2022 23:07:05 Europe/Berlin] PHP Warning:  Undefined property: stdClass::$strTags in E:\CSIS\Summer2022\3280\3280-project\inc\Utility\RecipeService.class.php on line 20
[20-Jul-2022 23:07:05 Europe/Berlin] PHP Warning:  Undefined property: stdClass::$idMeal in E:\CSIS\Summer2022\3280\3280-project\inc\Utility\RecipeService.class.php on line 15
[20-Jul-2022 23:07:05 Europe/Berlin] PHP Warning:  Undefined property: stdClass::$strMeal in E:\CSIS\Summer2022\3280\3280-project\inc\Utility\RecipeService.class.php on line 16
[20-Jul-2022 23:07:05 Europe/Berlin] PHP Warning:  Undefined property: stdClass::$strInstructions in E:\CSIS\Summer2022\3280\3280-project\inc\Utility\RecipeService.class.php on line 17
[20-Jul-2022 23:07:05 Europe/Berlin] PHP Warning:  Undefined property: stdClass::$strMealThumb in E:\CSIS\Summer2022\3280\3280-project\inc\Utility\RecipeService.class.php on line 18
[20-Jul-2022 23:07:05 Europe/Berlin] PHP Warning:  Undefined property: stdClass::$strCategory in E:\CSIS\Summer2022\3280\3280-project\inc\Utility\RecipeService.class.php on line 19
[20-Jul-2022 23:07:05 Europe/Berlin] PHP Warning:  Undefined property: stdClass::$strTags in E:\CSIS\Summer2022\3280\3280-project\inc\Utility\RecipeService.class.php on line 20
[20-Jul-2022 23:07:05 Europe/Berlin] PHP Warning:  Undefined property: stdClass::$idMeal in E:\CSIS\Summer2022\3280\3280-project\inc\Utility\RecipeService.class.php on line 15
[20-Jul-2022 23:07:05 Europe/Berlin] PHP Warning:  Undefined property: stdClass::$strMeal in E:\CSIS\Summer2022\3280\3280-project\inc\Utility\RecipeService.class.php on line 16
[20-Jul-2022 23:07:05 Europe/Berlin] PHP Warning:  Undefined property: stdClass::$strInstructions in E:\CSIS\Summer2022\3280\3280-project\inc\Utility\RecipeService.class.php on line 17
[20-Jul-2022 23:07:05 Europe/Berlin] PHP Warning:  Undefined property: stdClass::$strMealThumb in E:\CSIS\Summer2022\3280\3280-project\inc\Utility\RecipeService.class.php on line 18
[20-Jul-2022 23:07:05 Europe/Berlin] PHP Warning:  Undefined property: stdClass::$strCategory in E:\CSIS\Summer2022\3280\3280-project\inc\Utility\RecipeService.class.php on line 19
[20-Jul-2022 23:07:05 Europe/Berlin] PHP Warning:  Undefined property: stdClass::$strTags in E:\CSIS\Summer2022\3280\3280-project\inc\Utility\RecipeService.class.php on line 20
[20-Jul-2022 23:07:06 Europe/Berlin] PHP Warning:  Undefined property: stdClass::$idMeal in E:\CSIS\Summer2022\3280\3280-project\inc\Utility\RecipeService.class.php on line 15
[20-Jul-2022 23:07:06 Europe/Berlin] PHP Warning:  Undefined property: stdClass::$strMeal in E:\CSIS\Summer2022\3280\3280-project\inc\Utility\RecipeService.class.php on line 16
[20-Jul-2022 23:07:06 Europe/Berlin] PHP Warning:  Undefined property: stdClass::$strInstructions in E:\CSIS\Summer2022\3280\3280-project\inc\Utility\RecipeService.class.php on line 17
[20-Jul-2022 23:07:06 Europe/Berlin] PHP Warning:  Undefined property: stdClass::$strMealThumb in E:\CSIS\Summer2022\3280\3280-project\inc\Utility\RecipeService.class.php on line 18
[20-Jul-2022 23:07:06 Europe/Berlin] PHP Warning:  Undefined property: stdClass::$strCategory in E:\CSIS\Summer2022\3280\3280-project\inc\Utility\RecipeService.class.php on line 19
[20-Jul-2022 23:07:06 Europe/Berlin] PHP Warning:  Undefined property: stdClass::$strTags in E:\CSIS\Summer2022\3280\3280-project\inc\Utility\RecipeService.class.php on line 20
[20-Jul-2022 23:07:06 Europe/Berlin] PHP Warning:  Undefined property: stdClass::$idMeal in E:\CSIS\Summer2022\3280\3280-project\inc\Utility\RecipeService.class.php on line 15
[20-Jul-2022 23:07:06 Europe/Berlin] PHP Warning:  Undefined property: stdClass::$strMeal in E:\CSIS\Summer2022\3280\3280-project\inc\Utility\RecipeService.class.php on line 16
[20-Jul-2022 23:07:06 Europe/Berlin] PHP Warning:  Undefined property: stdClass::$strInstructions in E:\CSIS\Summer2022\3280\3280-project\inc\Utility\RecipeService.class.php on line 17
[20-Jul-2022 23:07:06 Europe/Berlin] PHP Warning:  Undefined property: stdClass::$strMealThumb in E:\CSIS\Summer2022\3280\3280-project\inc\Utility\RecipeService.class.php on line 18
[20-Jul-2022 23:07:06 Europe/Berlin] PHP Warning:  Undefined property: stdClass::$strCategory in E:\CSIS\Summer2022\3280\3280-project\inc\Utility\RecipeService.class.php on line 19
[20-Jul-2022 23:07:06 Europe/Berlin] PHP Warning:  Undefined property: stdClass::$strTags in E:\CSIS\Summer2022\3280\3280-project\inc\Utility\RecipeService.class.php on line 20
[20-Jul-2022 23:07:07 Europe/Berlin] PHP Warning:  Undefined property: stdClass::$idMeal in E:\CSIS\Summer2022\3280\3280-project\inc\Utility\RecipeService.class.php on line 15
[20-Jul-2022 23:07:07 Europe/Berlin] PHP Warning:  Undefined property: stdClass::$strMeal in E:\CSIS\Summer2022\3280\3280-project\inc\Utility\RecipeService.class.php on line 16
[20-Jul-2022 23:07:07 Europe/Berlin] PHP Warning:  Undefined property: stdClass::$strInstructions in E:\CSIS\Summer2022\3280\3280-project\inc\Utility\RecipeService.class.php on line 17
[20-Jul-2022 23:07:07 Europe/Berlin] PHP Warning:  Undefined property: stdClass::$strMealThumb in E:\CSIS\Summer2022\3280\3280-project\inc\Utility\RecipeService.class.php on line 18
[20-Jul-2022 23:07:07 Europe/Berlin] PHP Warning:  Undefined property: stdClass::$strCategory in E:\CSIS\Summer2022\3280\3280-project\inc\Utility\RecipeService.class.php on line 19
[20-Jul-2022 23:07:07 Europe/Berlin] PHP Warning:  Undefined property: stdClass::$strTags in E:\CSIS\Summer2022\3280\3280-project\inc\Utility\RecipeService.class.php on line 20
[20-Jul-2022 23:07:07 Europe/Berlin] PHP Warning:  Undefined property: stdClass::$idMeal in E:\CSIS\Summer2022\3280\3280-project\inc\Utility\RecipeService.class.php on line 15
[20-Jul-2022 23:07:07 Europe/Berlin] PHP Warning:  Undefined property: stdClass::$strMeal in E:\CSIS\Summer2022\3280\3280-project\inc\Utility\RecipeService.class.php on line 16
[20-Jul-2022 23:07:07 Europe/Berlin] PHP Warning:  Undefined property: stdClass::$strInstructions in E:\CSIS\Summer2022\3280\3280-project\inc\Utility\RecipeService.class.php on line 17
[20-Jul-2022 23:07:07 Europe/Berlin] PHP Warning:  Undefined property: stdClass::$strMealThumb in E:\CSIS\Summer2022\3280\3280-project\inc\Utility\RecipeService.class.php on line 18
[20-Jul-2022 23:07:07 Europe/Berlin] PHP Warning:  Undefined property: stdClass::$strCategory in E:\CSIS\Summer2022\3280\3280-project\inc\Utility\RecipeService.class.php on line 19
[20-Jul-2022 23:07:07 Europe/Berlin] PHP Warning:  Undefined property: stdClass::$strTags in E:\CSIS\Summer2022\3280\3280-project\inc\Utility\RecipeService.class.php on line 20
[20-Jul-2022 23:07:07 Europe/Berlin] PHP Warning:  Undefined property: stdClass::$idMeal in E:\CSIS\Summer2022\3280\3280-project\inc\Utility\RecipeService.class.php on line 15
[20-Jul-2022 23:07:07 Europe/Berlin] PHP Warning:  Undefined property: stdClass::$strMeal in E:\CSIS\Summer2022\3280\3280-project\inc\Utility\RecipeService.class.php on line 16
[20-Jul-2022 23:07:07 Europe/Berlin] PHP Warning:  Undefined property: stdClass::$strInstructions in E:\CSIS\Summer2022\3280\3280-project\inc\Utility\RecipeService.class.php on line 17
[20-Jul-2022 23:07:07 Europe/Berlin] PHP Warning:  Undefined property: stdClass::$strMealThumb in E:\CSIS\Summer2022\3280\3280-project\inc\Utility\RecipeService.class.php on line 18
[20-Jul-2022 23:07:07 Europe/Berlin] PHP Warning:  Undefined property: stdClass::$strCategory in E:\CSIS\Summer2022\3280\3280-project\inc\Utility\RecipeService.class.php on line 19
[20-Jul-2022 23:07:07 Europe/Berlin] PHP Warning:  Undefined property: stdClass::$strTags in E:\CSIS\Summer2022\3280\3280-project\inc\Utility\RecipeService.class.php on line 20
[20-Jul-2022 23:07:07 Europe/Berlin] PHP Warning:  Undefined property: stdClass::$idMeal in E:\CSIS\Summer2022\3280\3280-project\inc\Utility\RecipeService.class.php on line 15
[20-Jul-2022 23:07:07 Europe/Berlin] PHP Warning:  Undefined property: stdClass::$strMeal in E:\CSIS\Summer2022\3280\3280-project\inc\Utility\RecipeService.class.php on line 16
[20-Jul-2022 23:07:07 Europe/Berlin] PHP Warning:  Undefined property: stdClass::$strInstructions in E:\CSIS\Summer2022\3280\3280-project\inc\Utility\RecipeService.class.php on line 17
[20-Jul-2022 23:07:07 Europe/Berlin] PHP Warning:  Undefined property: stdClass::$strMealThumb in E:\CSIS\Summer2022\3280\3280-project\inc\Utility\RecipeService.class.php on line 18
[20-Jul-2022 23:07:07 Europe/Berlin] PHP Warning:  Undefined property: stdClass::$strCategory in E:\CSIS\Summer2022\3280\3280-project\inc\Utility\RecipeService.class.php on line 19
[20-Jul-2022 23:07:07 Europe/Berlin] PHP Warning:  Undefined property: stdClass::$strTags in E:\CSIS\Summer2022\3280\3280-project\inc\Utility\RecipeService.class.php on line 20
[20-Jul-2022 23:07:08 Europe/Berlin] PHP Warning:  Undefined property: stdClass::$idMeal in E:\CSIS\Summer2022\3280\3280-project\inc\Utility\RecipeService.class.php on line 15
[20-Jul-2022 23:07:08 Europe/Berlin] PHP Warning:  Undefined property: stdClass::$strMeal in E:\CSIS\Summer2022\3280\3280-project\inc\Utility\RecipeService.class.php on line 16
[20-Jul-2022 23:07:08 Europe/Berlin] PHP Warning:  Undefined property: stdClass::$strInstructions in E:\CSIS\Summer2022\3280\3280-project\inc\Utility\RecipeService.class.php on line 17
[20-Jul-2022 23:07:08 Europe/Berlin] PHP Warning:  Undefined property: stdClass::$strMealThumb in E:\CSIS\Summer2022\3280\3280-project\inc\Utility\RecipeService.class.php on line 18
[20-Jul-2022 23:07:08 Europe/Berlin] PHP Warning:  Undefined property: stdClass::$strCategory in E:\CSIS\Summer2022\3280\3280-project\inc\Utility\RecipeService.class.php on line 19
[20-Jul-2022 23:07:08 Europe/Berlin] PHP Warning:  Undefined property: stdClass::$strTags in E:\CSIS\Summer2022\3280\3280-project\inc\Utility\RecipeService.class.php on line 20
[20-Jul-2022 23:07:08 Europe/Berlin] PHP Warning:  Undefined property: stdClass::$idMeal in E:\CSIS\Summer2022\3280\3280-project\inc\Utility\RecipeService.class.php on line 15
[20-Jul-2022 23:07:08 Europe/Berlin] PHP Warning:  Undefined property: stdClass::$strMeal in E:\CSIS\Summer2022\3280\3280-project\inc\Utility\RecipeService.class.php on line 16
[20-Jul-2022 23:07:08 Europe/Berlin] PHP Warning:  Undefined property: stdClass::$strInstructions in E:\CSIS\Summer2022\3280\3280-project\inc\Utility\RecipeService.class.php on line 17
[20-Jul-2022 23:07:08 Europe/Berlin] PHP Warning:  Undefined property: stdClass::$strMealThumb in E:\CSIS\Summer2022\3280\3280-project\inc\Utility\RecipeService.class.php on line 18
[20-Jul-2022 23:07:08 Europe/Berlin] PHP Warning:  Undefined property: stdClass::$strCategory in E:\CSIS\Summer2022\3280\3280-project\inc\Utility\RecipeService.class.php on line 19
[20-Jul-2022 23:07:08 Europe/Berlin] PHP Warning:  Undefined property: stdClass::$strTags in E:\CSIS\Summer2022\3280\3280-project\inc\Utility\RecipeService.class.php on line 20
[20-Jul-2022 23:07:08 Europe/Berlin] PHP Warning:  Undefined property: stdClass::$idMeal in E:\CSIS\Summer2022\3280\3280-project\inc\Utility\RecipeService.class.php on line 15
[20-Jul-2022 23:07:08 Europe/Berlin] PHP Warning:  Undefined property: stdClass::$strMeal in E:\CSIS\Summer2022\3280\3280-project\inc\Utility\RecipeService.class.php on line 16
[20-Jul-2022 23:07:08 Europe/Berlin] PHP Warning:  Undefined property: stdClass::$strInstructions in E:\CSIS\Summer2022\3280\3280-project\inc\Utility\RecipeService.class.php on line 17
[20-Jul-2022 23:07:08 Europe/Berlin] PHP Warning:  Undefined property: stdClass::$strMealThumb in E:\CSIS\Summer2022\3280\3280-project\inc\Utility\RecipeService.class.php on line 18
[20-Jul-2022 23:07:08 Europe/Berlin] PHP Warning:  Undefined property: stdClass::$strCategory in E:\CSIS\Summer2022\3280\3280-project\inc\Utility\RecipeService.class.php on line 19
[20-Jul-2022 23:07:08 Europe/Berlin] PHP Warning:  Undefined property: stdClass::$strTags in E:\CSIS\Summer2022\3280\3280-project\inc\Utility\RecipeService.class.php on line 20
[20-Jul-2022 23:07:09 Europe/Berlin] PHP Warning:  Undefined property: stdClass::$idMeal in E:\CSIS\Summer2022\3280\3280-project\inc\Utility\RecipeService.class.php on line 15
[20-Jul-2022 23:07:09 Europe/Berlin] PHP Warning:  Undefined property: stdClass::$strMeal in E:\CSIS\Summer2022\3280\3280-project\inc\Utility\RecipeService.class.php on line 16
[20-Jul-2022 23:07:09 Europe/Berlin] PHP Warning:  Undefined property: stdClass::$strInstructions in E:\CSIS\Summer2022\3280\3280-project\inc\Utility\RecipeService.class.php on line 17
[20-Jul-2022 23:07:09 Europe/Berlin] PHP Warning:  Undefined property: stdClass::$strMealThumb in E:\CSIS\Summer2022\3280\3280-project\inc\Utility\RecipeService.class.php on line 18
[20-Jul-2022 23:07:09 Europe/Berlin] PHP Warning:  Undefined property: stdClass::$strCategory in E:\CSIS\Summer2022\3280\3280-project\inc\Utility\RecipeService.class.php on line 19
[20-Jul-2022 23:07:09 Europe/Berlin] PHP Warning:  Undefined property: stdClass::$strTags in E:\CSIS\Summer2022\3280\3280-project\inc\Utility\RecipeService.class.php on line 20
[20-Jul-2022 23:07:09 Europe/Berlin] PHP Warning:  Undefined property: stdClass::$idMeal in E:\CSIS\Summer2022\3280\3280-project\inc\Utility\RecipeService.class.php on line 15
[20-Jul-2022 23:07:09 Europe/Berlin] PHP Warning:  Undefined property: stdClass::$strMeal in E:\CSIS\Summer2022\3280\3280-project\inc\Utility\RecipeService.class.php on line 16
[20-Jul-2022 23:07:09 Europe/Berlin] PHP Warning:  Undefined property: stdClass::$strInstructions in E:\CSIS\Summer2022\3280\3280-project\inc\Utility\RecipeService.class.php on line 17
[20-Jul-2022 23:07:09 Europe/Berlin] PHP Warning:  Undefined property: stdClass::$strMealThumb in E:\CSIS\Summer2022\3280\3280-project\inc\Utility\RecipeService.class.php on line 18
[20-Jul-2022 23:07:09 Europe/Berlin] PHP Warning:  Undefined property: stdClass::$strCategory in E:\CSIS\Summer2022\3280\3280-project\inc\Utility\RecipeService.class.php on line 19
[20-Jul-2022 23:07:09 Europe/Berlin] PHP Warning:  Undefined property: stdClass::$strTags in E:\CSIS\Summer2022\3280\3280-project\inc\Utility\RecipeService.class.php on line 20
[20-Jul-2022 23:07:09 Europe/Berlin] PHP Warning:  Undefined property: stdClass::$idMeal in E:\CSIS\Summer2022\3280\3280-project\inc\Utility\RecipeService.class.php on line 15
[20-Jul-2022 23:07:09 Europe/Berlin] PHP Warning:  Undefined property: stdClass::$strMeal in E:\CSIS\Summer2022\3280\3280-project\inc\Utility\RecipeService.class.php on line 16
[20-Jul-2022 23:07:09 Europe/Berlin] PHP Warning:  Undefined property: stdClass::$strInstructions in E:\CSIS\Summer2022\3280\3280-project\inc\Utility\RecipeService.class.php on line 17
[20-Jul-2022 23:07:09 Europe/Berlin] PHP Warning:  Undefined property: stdClass::$strMealThumb in E:\CSIS\Summer2022\3280\3280-project\inc\Utility\RecipeService.class.php on line 18
[20-Jul-2022 23:07:09 Europe/Berlin] PHP Warning:  Undefined property: stdClass::$strCategory in E:\CSIS\Summer2022\3280\3280-project\inc\Utility\RecipeService.class.php on line 19
[20-Jul-2022 23:07:09 Europe/Berlin] PHP Warning:  Undefined property: stdClass::$strTags in E:\CSIS\Summer2022\3280\3280-project\inc\Utility\RecipeService.class.php on line 20
[20-Jul-2022 23:07:10 Europe/Berlin] PHP Warning:  Undefined property: stdClass::$idMeal in E:\CSIS\Summer2022\3280\3280-project\inc\Utility\RecipeService.class.php on line 15
[20-Jul-2022 23:07:10 Europe/Berlin] PHP Warning:  Undefined property: stdClass::$strMeal in E:\CSIS\Summer2022\3280\3280-project\inc\Utility\RecipeService.class.php on line 16
[20-Jul-2022 23:07:10 Europe/Berlin] PHP Warning:  Undefined property: stdClass::$strInstructions in E:\CSIS\Summer2022\3280\3280-project\inc\Utility\RecipeService.class.php on line 17
[20-Jul-2022 23:07:10 Europe/Berlin] PHP Warning:  Undefined property: stdClass::$strMealThumb in E:\CSIS\Summer2022\3280\3280-project\inc\Utility\RecipeService.class.php on line 18
[20-Jul-2022 23:07:10 Europe/Berlin] PHP Warning:  Undefined property: stdClass::$strCategory in E:\CSIS\Summer2022\3280\3280-project\inc\Utility\RecipeService.class.php on line 19
[20-Jul-2022 23:07:10 Europe/Berlin] PHP Warning:  Undefined property: stdClass::$strTags in E:\CSIS\Summer2022\3280\3280-project\inc\Utility\RecipeService.class.php on line 20
[20-Jul-2022 23:07:10 Europe/Berlin] PHP Warning:  Undefined property: stdClass::$idMeal in E:\CSIS\Summer2022\3280\3280-project\inc\Utility\RecipeService.class.php on line 15
[20-Jul-2022 23:07:10 Europe/Berlin] PHP Warning:  Undefined property: stdClass::$strMeal in E:\CSIS\Summer2022\3280\3280-project\inc\Utility\RecipeService.class.php on line 16
[20-Jul-2022 23:07:10 Europe/Berlin] PHP Warning:  Undefined property: stdClass::$strInstructions in E:\CSIS\Summer2022\3280\3280-project\inc\Utility\RecipeService.class.php on line 17
[20-Jul-2022 23:07:10 Europe/Berlin] PHP Warning:  Undefined property: stdClass::$strMealThumb in E:\CSIS\Summer2022\3280\3280-project\inc\Utility\RecipeService.class.php on line 18
[20-Jul-2022 23:07:10 Europe/Berlin] PHP Warning:  Undefined property: stdClass::$strCategory in E:\CSIS\Summer2022\3280\3280-project\inc\Utility\RecipeService.class.php on line 19
[20-Jul-2022 23:07:10 Europe/Berlin] PHP Warning:  Undefined property: stdClass::$strTags in E:\CSIS\Summer2022\3280\3280-project\inc\Utility\RecipeService.class.php on line 20
[20-Jul-2022 23:07:10 Europe/Berlin] PHP Warning:  Undefined property: stdClass::$idMeal in E:\CSIS\Summer2022\3280\3280-project\inc\Utility\RecipeService.class.php on line 15
[20-Jul-2022 23:07:10 Europe/Berlin] PHP Warning:  Undefined property: stdClass::$strMeal in E:\CSIS\Summer2022\3280\3280-project\inc\Utility\RecipeService.class.php on line 16
[20-Jul-2022 23:07:10 Europe/Berlin] PHP Warning:  Undefined property: stdClass::$strInstructions in E:\CSIS\Summer2022\3280\3280-project\inc\Utility\RecipeService.class.php on line 17
[20-Jul-2022 23:07:10 Europe/Berlin] PHP Warning:  Undefined property: stdClass::$strMealThumb in E:\CSIS\Summer2022\3280\3280-project\inc\Utility\RecipeService.class.php on line 18
[20-Jul-2022 23:07:10 Europe/Berlin] PHP Warning:  Undefined property: stdClass::$strCategory in E:\CSIS\Summer2022\3280\3280-project\inc\Utility\RecipeService.class.php on line 19
[20-Jul-2022 23:07:10 Europe/Berlin] PHP Warning:  Undefined property: stdClass::$strTags in E:\CSIS\Summer2022\3280\3280-project\inc\Utility\RecipeService.class.php on line 20
[20-Jul-2022 23:07:39 Europe/Berlin] PHP Warning:  Attempt to read property "idMeal" on array in E:\CSIS\Summer2022\3280\3280-project\inc\Utility\RecipeService.class.php on line 15
[20-Jul-2022 23:07:39 Europe/Berlin] PHP Warning:  Attempt to read property "strMeal" on array in E:\CSIS\Summer2022\3280\3280-project\inc\Utility\RecipeService.class.php on line 16
[20-Jul-2022 23:07:39 Europe/Berlin] PHP Warning:  Attempt to read property "strInstructions" on array in E:\CSIS\Summer2022\3280\3280-project\inc\Utility\RecipeService.class.php on line 17
[20-Jul-2022 23:07:39 Europe/Berlin] PHP Warning:  Attempt to read property "strMealThumb" on array in E:\CSIS\Summer2022\3280\3280-project\inc\Utility\RecipeService.class.php on line 18
[20-Jul-2022 23:07:39 Europe/Berlin] PHP Warning:  Attempt to read property "strCategory" on array in E:\CSIS\Summer2022\3280\3280-project\inc\Utility\RecipeService.class.php on line 19
[20-Jul-2022 23:07:39 Europe/Berlin] PHP Warning:  Attempt to read property "strTags" on array in E:\CSIS\Summer2022\3280\3280-project\inc\Utility\RecipeService.class.php on line 20
[20-Jul-2022 23:07:40 Europe/Berlin] PHP Warning:  Attempt to read property "idMeal" on array in E:\CSIS\Summer2022\3280\3280-project\inc\Utility\RecipeService.class.php on line 15
[20-Jul-2022 23:07:40 Europe/Berlin] PHP Warning:  Attempt to read property "strMeal" on array in E:\CSIS\Summer2022\3280\3280-project\inc\Utility\RecipeService.class.php on line 16
[20-Jul-2022 23:07:40 Europe/Berlin] PHP Warning:  Attempt to read property "strInstructions" on array in E:\CSIS\Summer2022\3280\3280-project\inc\Utility\RecipeService.class.php on line 17
[20-Jul-2022 23:07:40 Europe/Berlin] PHP Warning:  Attempt to read property "strMealThumb" on array in E:\CSIS\Summer2022\3280\3280-project\inc\Utility\RecipeService.class.php on line 18
[20-Jul-2022 23:07:40 Europe/Berlin] PHP Warning:  Attempt to read property "strCategory" on array in E:\CSIS\Summer2022\3280\3280-project\inc\Utility\RecipeService.class.php on line 19
[20-Jul-2022 23:07:40 Europe/Berlin] PHP Warning:  Attempt to read property "strTags" on array in E:\CSIS\Summer2022\3280\3280-project\inc\Utility\RecipeService.class.php on line 20
[20-Jul-2022 23:07:40 Europe/Berlin] PHP Warning:  Attempt to read property "idMeal" on array in E:\CSIS\Summer2022\3280\3280-project\inc\Utility\RecipeService.class.php on line 15
[20-Jul-2022 23:07:40 Europe/Berlin] PHP Warning:  Attempt to read property "strMeal" on array in E:\CSIS\Summer2022\3280\3280-project\inc\Utility\RecipeService.class.php on line 16
[20-Jul-2022 23:07:40 Europe/Berlin] PHP Warning:  Attempt to read property "strInstructions" on array in E:\CSIS\Summer2022\3280\3280-project\inc\Utility\RecipeService.class.php on line 17
[20-Jul-2022 23:07:40 Europe/Berlin] PHP Warning:  Attempt to read property "strMealThumb" on array in E:\CSIS\Summer2022\3280\3280-project\inc\Utility\RecipeService.class.php on line 18
[20-Jul-2022 23:07:40 Europe/Berlin] PHP Warning:  Attempt to read property "strCategory" on array in E:\CSIS\Summer2022\3280\3280-project\inc\Utility\RecipeService.class.php on line 19
[20-Jul-2022 23:07:40 Europe/Berlin] PHP Warning:  Attempt to read property "strTags" on array in E:\CSIS\Summer2022\3280\3280-project\inc\Utility\RecipeService.class.php on line 20
[20-Jul-2022 23:07:40 Europe/Berlin] PHP Warning:  Attempt to read property "idMeal" on array in E:\CSIS\Summer2022\3280\3280-project\inc\Utility\RecipeService.class.php on line 15
[20-Jul-2022 23:07:40 Europe/Berlin] PHP Warning:  Attempt to read property "strMeal" on array in E:\CSIS\Summer2022\3280\3280-project\inc\Utility\RecipeService.class.php on line 16
[20-Jul-2022 23:07:40 Europe/Berlin] PHP Warning:  Attempt to read property "strInstructions" on array in E:\CSIS\Summer2022\3280\3280-project\inc\Utility\RecipeService.class.php on line 17
[20-Jul-2022 23:07:40 Europe/Berlin] PHP Warning:  Attempt to read property "strMealThumb" on array in E:\CSIS\Summer2022\3280\3280-project\inc\Utility\RecipeService.class.php on line 18
[20-Jul-2022 23:07:40 Europe/Berlin] PHP Warning:  Attempt to read property "strCategory" on array in E:\CSIS\Summer2022\3280\3280-project\inc\Utility\RecipeService.class.php on line 19
[20-Jul-2022 23:07:40 Europe/Berlin] PHP Warning:  Attempt to read property "strTags" on array in E:\CSIS\Summer2022\3280\3280-project\inc\Utility\RecipeService.class.php on line 20
[20-Jul-2022 23:07:41 Europe/Berlin] PHP Warning:  Attempt to read property "idMeal" on array in E:\CSIS\Summer2022\3280\3280-project\inc\Utility\RecipeService.class.php on line 15
[20-Jul-2022 23:07:41 Europe/Berlin] PHP Warning:  Attempt to read property "strMeal" on array in E:\CSIS\Summer2022\3280\3280-project\inc\Utility\RecipeService.class.php on line 16
[20-Jul-2022 23:07:41 Europe/Berlin] PHP Warning:  Attempt to read property "strInstructions" on array in E:\CSIS\Summer2022\3280\3280-project\inc\Utility\RecipeService.class.php on line 17
[20-Jul-2022 23:07:41 Europe/Berlin] PHP Warning:  Attempt to read property "strMealThumb" on array in E:\CSIS\Summer2022\3280\3280-project\inc\Utility\RecipeService.class.php on line 18
[20-Jul-2022 23:07:41 Europe/Berlin] PHP Warning:  Attempt to read property "strCategory" on array in E:\CSIS\Summer2022\3280\3280-project\inc\Utility\RecipeService.class.php on line 19
[20-Jul-2022 23:07:41 Europe/Berlin] PHP Warning:  Attempt to read property "strTags" on array in E:\CSIS\Summer2022\3280\3280-project\inc\Utility\RecipeService.class.php on line 20
[20-Jul-2022 23:07:41 Europe/Berlin] PHP Warning:  Attempt to read property "idMeal" on array in E:\CSIS\Summer2022\3280\3280-project\inc\Utility\RecipeService.class.php on line 15
[20-Jul-2022 23:07:41 Europe/Berlin] PHP Warning:  Attempt to read property "strMeal" on array in E:\CSIS\Summer2022\3280\3280-project\inc\Utility\RecipeService.class.php on line 16
[20-Jul-2022 23:07:41 Europe/Berlin] PHP Warning:  Attempt to read property "strInstructions" on array in E:\CSIS\Summer2022\3280\3280-project\inc\Utility\RecipeService.class.php on line 17
[20-Jul-2022 23:07:41 Europe/Berlin] PHP Warning:  Attempt to read property "strMealThumb" on array in E:\CSIS\Summer2022\3280\3280-project\inc\Utility\RecipeService.class.php on line 18
[20-Jul-2022 23:07:41 Europe/Berlin] PHP Warning:  Attempt to read property "strCategory" on array in E:\CSIS\Summer2022\3280\3280-project\inc\Utility\RecipeService.class.php on line 19
[20-Jul-2022 23:07:41 Europe/Berlin] PHP Warning:  Attempt to read property "strTags" on array in E:\CSIS\Summer2022\3280\3280-project\inc\Utility\RecipeService.class.php on line 20
[20-Jul-2022 23:07:41 Europe/Berlin] PHP Warning:  Attempt to read property "idMeal" on array in E:\CSIS\Summer2022\3280\3280-project\inc\Utility\RecipeService.class.php on line 15
[20-Jul-2022 23:07:41 Europe/Berlin] PHP Warning:  Attempt to read property "strMeal" on array in E:\CSIS\Summer2022\3280\3280-project\inc\Utility\RecipeService.class.php on line 16
[20-Jul-2022 23:07:41 Europe/Berlin] PHP Warning:  Attempt to read property "strInstructions" on array in E:\CSIS\Summer2022\3280\3280-project\inc\Utility\RecipeService.class.php on line 17
[20-Jul-2022 23:07:41 Europe/Berlin] PHP Warning:  Attempt to read property "strMealThumb" on array in E:\CSIS\Summer2022\3280\3280-project\inc\Utility\RecipeService.class.php on line 18
[20-Jul-2022 23:07:41 Europe/Berlin] PHP Warning:  Attempt to read property "strCategory" on array in E:\CSIS\Summer2022\3280\3280-project\inc\Utility\RecipeService.class.php on line 19
[20-Jul-2022 23:07:41 Europe/Berlin] PHP Warning:  Attempt to read property "strTags" on array in E:\CSIS\Summer2022\3280\3280-project\inc\Utility\RecipeService.class.php on line 20
[20-Jul-2022 23:07:42 Europe/Berlin] PHP Warning:  Attempt to read property "idMeal" on array in E:\CSIS\Summer2022\3280\3280-project\inc\Utility\RecipeService.class.php on line 15
[20-Jul-2022 23:07:42 Europe/Berlin] PHP Warning:  Attempt to read property "strMeal" on array in E:\CSIS\Summer2022\3280\3280-project\inc\Utility\RecipeService.class.php on line 16
[20-Jul-2022 23:07:42 Europe/Berlin] PHP Warning:  Attempt to read property "strInstructions" on array in E:\CSIS\Summer2022\3280\3280-project\inc\Utility\RecipeService.class.php on line 17
[20-Jul-2022 23:07:42 Europe/Berlin] PHP Warning:  Attempt to read property "strMealThumb" on array in E:\CSIS\Summer2022\3280\3280-project\inc\Utility\RecipeService.class.php on line 18
[20-Jul-2022 23:07:42 Europe/Berlin] PHP Warning:  Attempt to read property "strCategory" on array in E:\CSIS\Summer2022\3280\3280-project\inc\Utility\RecipeService.class.php on line 19
[20-Jul-2022 23:07:42 Europe/Berlin] PHP Warning:  Attempt to read property "strTags" on array in E:\CSIS\Summer2022\3280\3280-project\inc\Utility\RecipeService.class.php on line 20
[20-Jul-2022 23:07:42 Europe/Berlin] PHP Warning:  Attempt to read property "idMeal" on array in E:\CSIS\Summer2022\3280\3280-project\inc\Utility\RecipeService.class.php on line 15
[20-Jul-2022 23:07:42 Europe/Berlin] PHP Warning:  Attempt to read property "strMeal" on array in E:\CSIS\Summer2022\3280\3280-project\inc\Utility\RecipeService.class.php on line 16
[20-Jul-2022 23:07:42 Europe/Berlin] PHP Warning:  Attempt to read property "strInstructions" on array in E:\CSIS\Summer2022\3280\3280-project\inc\Utility\RecipeService.class.php on line 17
[20-Jul-2022 23:07:42 Europe/Berlin] PHP Warning:  Attempt to read property "strMealThumb" on array in E:\CSIS\Summer2022\3280\3280-project\inc\Utility\RecipeService.class.php on line 18
[20-Jul-2022 23:07:42 Europe/Berlin] PHP Warning:  Attempt to read property "strCategory" on array in E:\CSIS\Summer2022\3280\3280-project\inc\Utility\RecipeService.class.php on line 19
[20-Jul-2022 23:07:42 Europe/Berlin] PHP Warning:  Attempt to read property "strTags" on array in E:\CSIS\Summer2022\3280\3280-project\inc\Utility\RecipeService.class.php on line 20
[20-Jul-2022 23:07:42 Europe/Berlin] PHP Warning:  Attempt to read property "idMeal" on array in E:\CSIS\Summer2022\3280\3280-project\inc\Utility\RecipeService.class.php on line 15
[20-Jul-2022 23:07:42 Europe/Berlin] PHP Warning:  Attempt to read property "strMeal" on array in E:\CSIS\Summer2022\3280\3280-project\inc\Utility\RecipeService.class.php on line 16
[20-Jul-2022 23:07:42 Europe/Berlin] PHP Warning:  Attempt to read property "strInstructions" on array in E:\CSIS\Summer2022\3280\3280-project\inc\Utility\RecipeService.class.php on line 17
[20-Jul-2022 23:07:42 Europe/Berlin] PHP Warning:  Attempt to read property "strMealThumb" on array in E:\CSIS\Summer2022\3280\3280-project\inc\Utility\RecipeService.class.php on line 18
[20-Jul-2022 23:07:42 Europe/Berlin] PHP Warning:  Attempt to read property "strCategory" on array in E:\CSIS\Summer2022\3280\3280-project\inc\Utility\RecipeService.class.php on line 19
[20-Jul-2022 23:07:42 Europe/Berlin] PHP Warning:  Attempt to read property "strTags" on array in E:\CSIS\Summer2022\3280\3280-project\inc\Utility\RecipeService.class.php on line 20
[20-Jul-2022 23:07:42 Europe/Berlin] PHP Warning:  Attempt to read property "idMeal" on array in E:\CSIS\Summer2022\3280\3280-project\inc\Utility\RecipeService.class.php on line 15
[20-Jul-2022 23:07:42 Europe/Berlin] PHP Warning:  Attempt to read property "strMeal" on array in E:\CSIS\Summer2022\3280\3280-project\inc\Utility\RecipeService.class.php on line 16
[20-Jul-2022 23:07:42 Europe/Berlin] PHP Warning:  Attempt to read property "strInstructions" on array in E:\CSIS\Summer2022\3280\3280-project\inc\Utility\RecipeService.class.php on line 17
[20-Jul-2022 23:07:42 Europe/Berlin] PHP Warning:  Attempt to read property "strMealThumb" on array in E:\CSIS\Summer2022\3280\3280-project\inc\Utility\RecipeService.class.php on line 18
[20-Jul-2022 23:07:42 Europe/Berlin] PHP Warning:  Attempt to read property "strCategory" on array in E:\CSIS\Summer2022\3280\3280-project\inc\Utility\RecipeService.class.php on line 19
[20-Jul-2022 23:07:42 Europe/Berlin] PHP Warning:  Attempt to read property "strTags" on array in E:\CSIS\Summer2022\3280\3280-project\inc\Utility\RecipeService.class.php on line 20
[20-Jul-2022 23:07:43 Europe/Berlin] PHP Warning:  Attempt to read property "idMeal" on array in E:\CSIS\Summer2022\3280\3280-project\inc\Utility\RecipeService.class.php on line 15
[20-Jul-2022 23:07:43 Europe/Berlin] PHP Warning:  Attempt to read property "strMeal" on array in E:\CSIS\Summer2022\3280\3280-project\inc\Utility\RecipeService.class.php on line 16
[20-Jul-2022 23:07:43 Europe/Berlin] PHP Warning:  Attempt to read property "strInstructions" on array in E:\CSIS\Summer2022\3280\3280-project\inc\Utility\RecipeService.class.php on line 17
[20-Jul-2022 23:07:43 Europe/Berlin] PHP Warning:  Attempt to read property "strMealThumb" on array in E:\CSIS\Summer2022\3280\3280-project\inc\Utility\RecipeService.class.php on line 18
[20-Jul-2022 23:07:43 Europe/Berlin] PHP Warning:  Attempt to read property "strCategory" on array in E:\CSIS\Summer2022\3280\3280-project\inc\Utility\RecipeService.class.php on line 19
[20-Jul-2022 23:07:43 Europe/Berlin] PHP Warning:  Attempt to read property "strTags" on array in E:\CSIS\Summer2022\3280\3280-project\inc\Utility\RecipeService.class.php on line 20
[20-Jul-2022 23:07:43 Europe/Berlin] PHP Warning:  Attempt to read property "idMeal" on array in E:\CSIS\Summer2022\3280\3280-project\inc\Utility\RecipeService.class.php on line 15
[20-Jul-2022 23:07:43 Europe/Berlin] PHP Warning:  Attempt to read property "strMeal" on array in E:\CSIS\Summer2022\3280\3280-project\inc\Utility\RecipeService.class.php on line 16
[20-Jul-2022 23:07:43 Europe/Berlin] PHP Warning:  Attempt to read property "strInstructions" on array in E:\CSIS\Summer2022\3280\3280-project\inc\Utility\RecipeService.class.php on line 17
[20-Jul-2022 23:07:43 Europe/Berlin] PHP Warning:  Attempt to read property "strMealThumb" on array in E:\CSIS\Summer2022\3280\3280-project\inc\Utility\RecipeService.class.php on line 18
[20-Jul-2022 23:07:43 Europe/Berlin] PHP Warning:  Attempt to read property "strCategory" on array in E:\CSIS\Summer2022\3280\3280-project\inc\Utility\RecipeService.class.php on line 19
[20-Jul-2022 23:07:43 Europe/Berlin] PHP Warning:  Attempt to read property "strTags" on array in E:\CSIS\Summer2022\3280\3280-project\inc\Utility\RecipeService.class.php on line 20
[20-Jul-2022 23:08:06 Europe/Berlin] PHP Warning:  Attempt to read property "idMeal" on array in E:\CSIS\Summer2022\3280\3280-project\inc\Utility\RecipeService.class.php on line 15
[20-Jul-2022 23:08:06 Europe/Berlin] PHP Warning:  Undefined property: stdClass::$strMeal in E:\CSIS\Summer2022\3280\3280-project\inc\Utility\RecipeService.class.php on line 16
[20-Jul-2022 23:08:06 Europe/Berlin] PHP Warning:  Undefined property: stdClass::$strInstructions in E:\CSIS\Summer2022\3280\3280-project\inc\Utility\RecipeService.class.php on line 17
[20-Jul-2022 23:08:06 Europe/Berlin] PHP Warning:  Undefined property: stdClass::$strMealThumb in E:\CSIS\Summer2022\3280\3280-project\inc\Utility\RecipeService.class.php on line 18
[20-Jul-2022 23:08:06 Europe/Berlin] PHP Warning:  Undefined property: stdClass::$strCategory in E:\CSIS\Summer2022\3280\3280-project\inc\Utility\RecipeService.class.php on line 19
[20-Jul-2022 23:08:06 Europe/Berlin] PHP Warning:  Undefined property: stdClass::$strTags in E:\CSIS\Summer2022\3280\3280-project\inc\Utility\RecipeService.class.php on line 20
[20-Jul-2022 23:08:06 Europe/Berlin] PHP Warning:  Attempt to read property "idMeal" on array in E:\CSIS\Summer2022\3280\3280-project\inc\Utility\RecipeService.class.php on line 15
[20-Jul-2022 23:08:06 Europe/Berlin] PHP Warning:  Undefined property: stdClass::$strMeal in E:\CSIS\Summer2022\3280\3280-project\inc\Utility\RecipeService.class.php on line 16
[20-Jul-2022 23:08:06 Europe/Berlin] PHP Warning:  Undefined property: stdClass::$strInstructions in E:\CSIS\Summer2022\3280\3280-project\inc\Utility\RecipeService.class.php on line 17
[20-Jul-2022 23:08:06 Europe/Berlin] PHP Warning:  Undefined property: stdClass::$strMealThumb in E:\CSIS\Summer2022\3280\3280-project\inc\Utility\RecipeService.class.php on line 18
[20-Jul-2022 23:08:06 Europe/Berlin] PHP Warning:  Undefined property: stdClass::$strCategory in E:\CSIS\Summer2022\3280\3280-project\inc\Utility\RecipeService.class.php on line 19
[20-Jul-2022 23:08:06 Europe/Berlin] PHP Warning:  Undefined property: stdClass::$strTags in E:\CSIS\Summer2022\3280\3280-project\inc\Utility\RecipeService.class.php on line 20
[20-Jul-2022 23:08:07 Europe/Berlin] PHP Warning:  Attempt to read property "idMeal" on array in E:\CSIS\Summer2022\3280\3280-project\inc\Utility\RecipeService.class.php on line 15
[20-Jul-2022 23:08:07 Europe/Berlin] PHP Warning:  Undefined property: stdClass::$strMeal in E:\CSIS\Summer2022\3280\3280-project\inc\Utility\RecipeService.class.php on line 16
[20-Jul-2022 23:08:07 Europe/Berlin] PHP Warning:  Undefined property: stdClass::$strInstructions in E:\CSIS\Summer2022\3280\3280-project\inc\Utility\RecipeService.class.php on line 17
[20-Jul-2022 23:08:07 Europe/Berlin] PHP Warning:  Undefined property: stdClass::$strMealThumb in E:\CSIS\Summer2022\3280\3280-project\inc\Utility\RecipeService.class.php on line 18
[20-Jul-2022 23:08:07 Europe/Berlin] PHP Warning:  Undefined property: stdClass::$strCategory in E:\CSIS\Summer2022\3280\3280-project\inc\Utility\RecipeService.class.php on line 19
[20-Jul-2022 23:08:07 Europe/Berlin] PHP Warning:  Undefined property: stdClass::$strTags in E:\CSIS\Summer2022\3280\3280-project\inc\Utility\RecipeService.class.php on line 20
[20-Jul-2022 23:08:07 Europe/Berlin] PHP Warning:  Attempt to read property "idMeal" on array in E:\CSIS\Summer2022\3280\3280-project\inc\Utility\RecipeService.class.php on line 15
[20-Jul-2022 23:08:07 Europe/Berlin] PHP Warning:  Undefined property: stdClass::$strMeal in E:\CSIS\Summer2022\3280\3280-project\inc\Utility\RecipeService.class.php on line 16
[20-Jul-2022 23:08:07 Europe/Berlin] PHP Warning:  Undefined property: stdClass::$strInstructions in E:\CSIS\Summer2022\3280\3280-project\inc\Utility\RecipeService.class.php on line 17
[20-Jul-2022 23:08:07 Europe/Berlin] PHP Warning:  Undefined property: stdClass::$strMealThumb in E:\CSIS\Summer2022\3280\3280-project\inc\Utility\RecipeService.class.php on line 18
[20-Jul-2022 23:08:07 Europe/Berlin] PHP Warning:  Undefined property: stdClass::$strCategory in E:\CSIS\Summer2022\3280\3280-project\inc\Utility\RecipeService.class.php on line 19
[20-Jul-2022 23:08:07 Europe/Berlin] PHP Warning:  Undefined property: stdClass::$strTags in E:\CSIS\Summer2022\3280\3280-project\inc\Utility\RecipeService.class.php on line 20
[20-Jul-2022 23:08:07 Europe/Berlin] PHP Warning:  Attempt to read property "idMeal" on array in E:\CSIS\Summer2022\3280\3280-project\inc\Utility\RecipeService.class.php on line 15
[20-Jul-2022 23:08:07 Europe/Berlin] PHP Warning:  Undefined property: stdClass::$strMeal in E:\CSIS\Summer2022\3280\3280-project\inc\Utility\RecipeService.class.php on line 16
[20-Jul-2022 23:08:07 Europe/Berlin] PHP Warning:  Undefined property: stdClass::$strInstructions in E:\CSIS\Summer2022\3280\3280-project\inc\Utility\RecipeService.class.php on line 17
[20-Jul-2022 23:08:07 Europe/Berlin] PHP Warning:  Undefined property: stdClass::$strMealThumb in E:\CSIS\Summer2022\3280\3280-project\inc\Utility\RecipeService.class.php on line 18
[20-Jul-2022 23:08:07 Europe/Berlin] PHP Warning:  Undefined property: stdClass::$strCategory in E:\CSIS\Summer2022\3280\3280-project\inc\Utility\RecipeService.class.php on line 19
[20-Jul-2022 23:08:07 Europe/Berlin] PHP Warning:  Undefined property: stdClass::$strTags in E:\CSIS\Summer2022\3280\3280-project\inc\Utility\RecipeService.class.php on line 20
[20-Jul-2022 23:08:08 Europe/Berlin] PHP Warning:  Attempt to read property "idMeal" on array in E:\CSIS\Summer2022\3280\3280-project\inc\Utility\RecipeService.class.php on line 15
[20-Jul-2022 23:08:08 Europe/Berlin] PHP Warning:  Undefined property: stdClass::$strMeal in E:\CSIS\Summer2022\3280\3280-project\inc\Utility\RecipeService.class.php on line 16
[20-Jul-2022 23:08:08 Europe/Berlin] PHP Warning:  Undefined property: stdClass::$strInstructions in E:\CSIS\Summer2022\3280\3280-project\inc\Utility\RecipeService.class.php on line 17
[20-Jul-2022 23:08:08 Europe/Berlin] PHP Warning:  Undefined property: stdClass::$strMealThumb in E:\CSIS\Summer2022\3280\3280-project\inc\Utility\RecipeService.class.php on line 18
[20-Jul-2022 23:08:08 Europe/Berlin] PHP Warning:  Undefined property: stdClass::$strCategory in E:\CSIS\Summer2022\3280\3280-project\inc\Utility\RecipeService.class.php on line 19
[20-Jul-2022 23:08:08 Europe/Berlin] PHP Warning:  Undefined property: stdClass::$strTags in E:\CSIS\Summer2022\3280\3280-project\inc\Utility\RecipeService.class.php on line 20
[20-Jul-2022 23:08:08 Europe/Berlin] PHP Warning:  Attempt to read property "idMeal" on array in E:\CSIS\Summer2022\3280\3280-project\inc\Utility\RecipeService.class.php on line 15
[20-Jul-2022 23:08:08 Europe/Berlin] PHP Warning:  Undefined property: stdClass::$strMeal in E:\CSIS\Summer2022\3280\3280-project\inc\Utility\RecipeService.class.php on line 16
[20-Jul-2022 23:08:08 Europe/Berlin] PHP Warning:  Undefined property: stdClass::$strInstructions in E:\CSIS\Summer2022\3280\3280-project\inc\Utility\RecipeService.class.php on line 17
[20-Jul-2022 23:08:08 Europe/Berlin] PHP Warning:  Undefined property: stdClass::$strMealThumb in E:\CSIS\Summer2022\3280\3280-project\inc\Utility\RecipeService.class.php on line 18
[20-Jul-2022 23:08:08 Europe/Berlin] PHP Warning:  Undefined property: stdClass::$strCategory in E:\CSIS\Summer2022\3280\3280-project\inc\Utility\RecipeService.class.php on line 19
[20-Jul-2022 23:08:08 Europe/Berlin] PHP Warning:  Undefined property: stdClass::$strTags in E:\CSIS\Summer2022\3280\3280-project\inc\Utility\RecipeService.class.php on line 20
[20-Jul-2022 23:08:08 Europe/Berlin] PHP Warning:  Attempt to read property "idMeal" on array in E:\CSIS\Summer2022\3280\3280-project\inc\Utility\RecipeService.class.php on line 15
[20-Jul-2022 23:08:08 Europe/Berlin] PHP Warning:  Undefined property: stdClass::$strMeal in E:\CSIS\Summer2022\3280\3280-project\inc\Utility\RecipeService.class.php on line 16
[20-Jul-2022 23:08:08 Europe/Berlin] PHP Warning:  Undefined property: stdClass::$strInstructions in E:\CSIS\Summer2022\3280\3280-project\inc\Utility\RecipeService.class.php on line 17
[20-Jul-2022 23:08:08 Europe/Berlin] PHP Warning:  Undefined property: stdClass::$strMealThumb in E:\CSIS\Summer2022\3280\3280-project\inc\Utility\RecipeService.class.php on line 18
[20-Jul-2022 23:08:08 Europe/Berlin] PHP Warning:  Undefined property: stdClass::$strCategory in E:\CSIS\Summer2022\3280\3280-project\inc\Utility\RecipeService.class.php on line 19
[20-Jul-2022 23:08:08 Europe/Berlin] PHP Warning:  Undefined property: stdClass::$strTags in E:\CSIS\Summer2022\3280\3280-project\inc\Utility\RecipeService.class.php on line 20
[20-Jul-2022 23:08:08 Europe/Berlin] PHP Warning:  Attempt to read property "idMeal" on array in E:\CSIS\Summer2022\3280\3280-project\inc\Utility\RecipeService.class.php on line 15
[20-Jul-2022 23:08:08 Europe/Berlin] PHP Warning:  Undefined property: stdClass::$strMeal in E:\CSIS\Summer2022\3280\3280-project\inc\Utility\RecipeService.class.php on line 16
[20-Jul-2022 23:08:08 Europe/Berlin] PHP Warning:  Undefined property: stdClass::$strInstructions in E:\CSIS\Summer2022\3280\3280-project\inc\Utility\RecipeService.class.php on line 17
[20-Jul-2022 23:08:08 Europe/Berlin] PHP Warning:  Undefined property: stdClass::$strMealThumb in E:\CSIS\Summer2022\3280\3280-project\inc\Utility\RecipeService.class.php on line 18
[20-Jul-2022 23:08:08 Europe/Berlin] PHP Warning:  Undefined property: stdClass::$strCategory in E:\CSIS\Summer2022\3280\3280-project\inc\Utility\RecipeService.class.php on line 19
[20-Jul-2022 23:08:08 Europe/Berlin] PHP Warning:  Undefined property: stdClass::$strTags in E:\CSIS\Summer2022\3280\3280-project\inc\Utility\RecipeService.class.php on line 20
[20-Jul-2022 23:08:09 Europe/Berlin] PHP Warning:  Attempt to read property "idMeal" on array in E:\CSIS\Summer2022\3280\3280-project\inc\Utility\RecipeService.class.php on line 15
[20-Jul-2022 23:08:09 Europe/Berlin] PHP Warning:  Undefined property: stdClass::$strMeal in E:\CSIS\Summer2022\3280\3280-project\inc\Utility\RecipeService.class.php on line 16
[20-Jul-2022 23:08:09 Europe/Berlin] PHP Warning:  Undefined property: stdClass::$strInstructions in E:\CSIS\Summer2022\3280\3280-project\inc\Utility\RecipeService.class.php on line 17
[20-Jul-2022 23:08:09 Europe/Berlin] PHP Warning:  Undefined property: stdClass::$strMealThumb in E:\CSIS\Summer2022\3280\3280-project\inc\Utility\RecipeService.class.php on line 18
[20-Jul-2022 23:08:09 Europe/Berlin] PHP Warning:  Undefined property: stdClass::$strCategory in E:\CSIS\Summer2022\3280\3280-project\inc\Utility\RecipeService.class.php on line 19
[20-Jul-2022 23:08:09 Europe/Berlin] PHP Warning:  Undefined property: stdClass::$strTags in E:\CSIS\Summer2022\3280\3280-project\inc\Utility\RecipeService.class.php on line 20
[20-Jul-2022 23:08:09 Europe/Berlin] PHP Warning:  Attempt to read property "idMeal" on array in E:\CSIS\Summer2022\3280\3280-project\inc\Utility\RecipeService.class.php on line 15
[20-Jul-2022 23:08:09 Europe/Berlin] PHP Warning:  Undefined property: stdClass::$strMeal in E:\CSIS\Summer2022\3280\3280-project\inc\Utility\RecipeService.class.php on line 16
[20-Jul-2022 23:08:09 Europe/Berlin] PHP Warning:  Undefined property: stdClass::$strInstructions in E:\CSIS\Summer2022\3280\3280-project\inc\Utility\RecipeService.class.php on line 17
[20-Jul-2022 23:08:09 Europe/Berlin] PHP Warning:  Undefined property: stdClass::$strMealThumb in E:\CSIS\Summer2022\3280\3280-project\inc\Utility\RecipeService.class.php on line 18
[20-Jul-2022 23:08:09 Europe/Berlin] PHP Warning:  Undefined property: stdClass::$strCategory in E:\CSIS\Summer2022\3280\3280-project\inc\Utility\RecipeService.class.php on line 19
[20-Jul-2022 23:08:09 Europe/Berlin] PHP Warning:  Undefined property: stdClass::$strTags in E:\CSIS\Summer2022\3280\3280-project\inc\Utility\RecipeService.class.php on line 20
[20-Jul-2022 23:08:09 Europe/Berlin] PHP Warning:  Attempt to read property "idMeal" on array in E:\CSIS\Summer2022\3280\3280-project\inc\Utility\RecipeService.class.php on line 15
[20-Jul-2022 23:08:09 Europe/Berlin] PHP Warning:  Undefined property: stdClass::$strMeal in E:\CSIS\Summer2022\3280\3280-project\inc\Utility\RecipeService.class.php on line 16
[20-Jul-2022 23:08:09 Europe/Berlin] PHP Warning:  Undefined property: stdClass::$strInstructions in E:\CSIS\Summer2022\3280\3280-project\inc\Utility\RecipeService.class.php on line 17
[20-Jul-2022 23:08:09 Europe/Berlin] PHP Warning:  Undefined property: stdClass::$strMealThumb in E:\CSIS\Summer2022\3280\3280-project\inc\Utility\RecipeService.class.php on line 18
[20-Jul-2022 23:08:09 Europe/Berlin] PHP Warning:  Undefined property: stdClass::$strCategory in E:\CSIS\Summer2022\3280\3280-project\inc\Utility\RecipeService.class.php on line 19
[20-Jul-2022 23:08:09 Europe/Berlin] PHP Warning:  Undefined property: stdClass::$strTags in E:\CSIS\Summer2022\3280\3280-project\inc\Utility\RecipeService.class.php on line 20
[20-Jul-2022 23:08:10 Europe/Berlin] PHP Warning:  Attempt to read property "idMeal" on array in E:\CSIS\Summer2022\3280\3280-project\inc\Utility\RecipeService.class.php on line 15
[20-Jul-2022 23:08:10 Europe/Berlin] PHP Warning:  Undefined property: stdClass::$strMeal in E:\CSIS\Summer2022\3280\3280-project\inc\Utility\RecipeService.class.php on line 16
[20-Jul-2022 23:08:10 Europe/Berlin] PHP Warning:  Undefined property: stdClass::$strInstructions in E:\CSIS\Summer2022\3280\3280-project\inc\Utility\RecipeService.class.php on line 17
[20-Jul-2022 23:08:10 Europe/Berlin] PHP Warning:  Undefined property: stdClass::$strMealThumb in E:\CSIS\Summer2022\3280\3280-project\inc\Utility\RecipeService.class.php on line 18
[20-Jul-2022 23:08:10 Europe/Berlin] PHP Warning:  Undefined property: stdClass::$strCategory in E:\CSIS\Summer2022\3280\3280-project\inc\Utility\RecipeService.class.php on line 19
[20-Jul-2022 23:08:10 Europe/Berlin] PHP Warning:  Undefined property: stdClass::$strTags in E:\CSIS\Summer2022\3280\3280-project\inc\Utility\RecipeService.class.php on line 20
[20-Jul-2022 23:10:42 Europe/Berlin] PHP Warning:  Undefined property: stdClass::$strMeal in E:\CSIS\Summer2022\3280\3280-project\inc\Utility\RecipeService.class.php on line 16
[20-Jul-2022 23:10:42 Europe/Berlin] PHP Warning:  Undefined property: stdClass::$strInstructions in E:\CSIS\Summer2022\3280\3280-project\inc\Utility\RecipeService.class.php on line 17
[20-Jul-2022 23:10:42 Europe/Berlin] PHP Warning:  Undefined property: stdClass::$strMealThumb in E:\CSIS\Summer2022\3280\3280-project\inc\Utility\RecipeService.class.php on line 18
[20-Jul-2022 23:10:42 Europe/Berlin] PHP Warning:  Undefined property: stdClass::$strCategory in E:\CSIS\Summer2022\3280\3280-project\inc\Utility\RecipeService.class.php on line 19
[20-Jul-2022 23:10:42 Europe/Berlin] PHP Warning:  Undefined property: stdClass::$strTags in E:\CSIS\Summer2022\3280\3280-project\inc\Utility\RecipeService.class.php on line 20
[20-Jul-2022 23:10:42 Europe/Berlin] PHP Warning:  Undefined property: stdClass::$strMeal in E:\CSIS\Summer2022\3280\3280-project\inc\Utility\RecipeService.class.php on line 16
[20-Jul-2022 23:10:42 Europe/Berlin] PHP Warning:  Undefined property: stdClass::$strInstructions in E:\CSIS\Summer2022\3280\3280-project\inc\Utility\RecipeService.class.php on line 17
[20-Jul-2022 23:10:42 Europe/Berlin] PHP Warning:  Undefined property: stdClass::$strMealThumb in E:\CSIS\Summer2022\3280\3280-project\inc\Utility\RecipeService.class.php on line 18
[20-Jul-2022 23:10:42 Europe/Berlin] PHP Warning:  Undefined property: stdClass::$strCategory in E:\CSIS\Summer2022\3280\3280-project\inc\Utility\RecipeService.class.php on line 19
[20-Jul-2022 23:10:42 Europe/Berlin] PHP Warning:  Undefined property: stdClass::$strTags in E:\CSIS\Summer2022\3280\3280-project\inc\Utility\RecipeService.class.php on line 20
[20-Jul-2022 23:10:43 Europe/Berlin] PHP Warning:  Undefined property: stdClass::$strMeal in E:\CSIS\Summer2022\3280\3280-project\inc\Utility\RecipeService.class.php on line 16
[20-Jul-2022 23:10:43 Europe/Berlin] PHP Warning:  Undefined property: stdClass::$strInstructions in E:\CSIS\Summer2022\3280\3280-project\inc\Utility\RecipeService.class.php on line 17
[20-Jul-2022 23:10:43 Europe/Berlin] PHP Warning:  Undefined property: stdClass::$strMealThumb in E:\CSIS\Summer2022\3280\3280-project\inc\Utility\RecipeService.class.php on line 18
[20-Jul-2022 23:10:43 Europe/Berlin] PHP Warning:  Undefined property: stdClass::$strCategory in E:\CSIS\Summer2022\3280\3280-project\inc\Utility\RecipeService.class.php on line 19
[20-Jul-2022 23:10:43 Europe/Berlin] PHP Warning:  Undefined property: stdClass::$strTags in E:\CSIS\Summer2022\3280\3280-project\inc\Utility\RecipeService.class.php on line 20
[20-Jul-2022 23:10:43 Europe/Berlin] PHP Warning:  Undefined property: stdClass::$strMeal in E:\CSIS\Summer2022\3280\3280-project\inc\Utility\RecipeService.class.php on line 16
[20-Jul-2022 23:10:43 Europe/Berlin] PHP Warning:  Undefined property: stdClass::$strInstructions in E:\CSIS\Summer2022\3280\3280-project\inc\Utility\RecipeService.class.php on line 17
[20-Jul-2022 23:10:43 Europe/Berlin] PHP Warning:  Undefined property: stdClass::$strMealThumb in E:\CSIS\Summer2022\3280\3280-project\inc\Utility\RecipeService.class.php on line 18
[20-Jul-2022 23:10:43 Europe/Berlin] PHP Warning:  Undefined property: stdClass::$strCategory in E:\CSIS\Summer2022\3280\3280-project\inc\Utility\RecipeService.class.php on line 19
[20-Jul-2022 23:10:43 Europe/Berlin] PHP Warning:  Undefined property: stdClass::$strTags in E:\CSIS\Summer2022\3280\3280-project\inc\Utility\RecipeService.class.php on line 20
[20-Jul-2022 23:10:44 Europe/Berlin] PHP Warning:  Undefined property: stdClass::$strMeal in E:\CSIS\Summer2022\3280\3280-project\inc\Utility\RecipeService.class.php on line 16
[20-Jul-2022 23:10:44 Europe/Berlin] PHP Warning:  Undefined property: stdClass::$strInstructions in E:\CSIS\Summer2022\3280\3280-project\inc\Utility\RecipeService.class.php on line 17
[20-Jul-2022 23:10:44 Europe/Berlin] PHP Warning:  Undefined property: stdClass::$strMealThumb in E:\CSIS\Summer2022\3280\3280-project\inc\Utility\RecipeService.class.php on line 18
[20-Jul-2022 23:10:44 Europe/Berlin] PHP Warning:  Undefined property: stdClass::$strCategory in E:\CSIS\Summer2022\3280\3280-project\inc\Utility\RecipeService.class.php on line 19
[20-Jul-2022 23:10:44 Europe/Berlin] PHP Warning:  Undefined property: stdClass::$strTags in E:\CSIS\Summer2022\3280\3280-project\inc\Utility\RecipeService.class.php on line 20
[20-Jul-2022 23:10:44 Europe/Berlin] PHP Warning:  Undefined property: stdClass::$strMeal in E:\CSIS\Summer2022\3280\3280-project\inc\Utility\RecipeService.class.php on line 16
[20-Jul-2022 23:10:44 Europe/Berlin] PHP Warning:  Undefined property: stdClass::$strInstructions in E:\CSIS\Summer2022\3280\3280-project\inc\Utility\RecipeService.class.php on line 17
[20-Jul-2022 23:10:44 Europe/Berlin] PHP Warning:  Undefined property: stdClass::$strMealThumb in E:\CSIS\Summer2022\3280\3280-project\inc\Utility\RecipeService.class.php on line 18
[20-Jul-2022 23:10:44 Europe/Berlin] PHP Warning:  Undefined property: stdClass::$strCategory in E:\CSIS\Summer2022\3280\3280-project\inc\Utility\RecipeService.class.php on line 19
[20-Jul-2022 23:10:44 Europe/Berlin] PHP Warning:  Undefined property: stdClass::$strTags in E:\CSIS\Summer2022\3280\3280-project\inc\Utility\RecipeService.class.php on line 20
[20-Jul-2022 23:10:44 Europe/Berlin] PHP Warning:  Undefined property: stdClass::$strMeal in E:\CSIS\Summer2022\3280\3280-project\inc\Utility\RecipeService.class.php on line 16
[20-Jul-2022 23:10:44 Europe/Berlin] PHP Warning:  Undefined property: stdClass::$strInstructions in E:\CSIS\Summer2022\3280\3280-project\inc\Utility\RecipeService.class.php on line 17
[20-Jul-2022 23:10:44 Europe/Berlin] PHP Warning:  Undefined property: stdClass::$strMealThumb in E:\CSIS\Summer2022\3280\3280-project\inc\Utility\RecipeService.class.php on line 18
[20-Jul-2022 23:10:44 Europe/Berlin] PHP Warning:  Undefined property: stdClass::$strCategory in E:\CSIS\Summer2022\3280\3280-project\inc\Utility\RecipeService.class.php on line 19
[20-Jul-2022 23:10:44 Europe/Berlin] PHP Warning:  Undefined property: stdClass::$strTags in E:\CSIS\Summer2022\3280\3280-project\inc\Utility\RecipeService.class.php on line 20
[20-Jul-2022 23:10:44 Europe/Berlin] PHP Warning:  Undefined property: stdClass::$strMeal in E:\CSIS\Summer2022\3280\3280-project\inc\Utility\RecipeService.class.php on line 16
[20-Jul-2022 23:10:44 Europe/Berlin] PHP Warning:  Undefined property: stdClass::$strInstructions in E:\CSIS\Summer2022\3280\3280-project\inc\Utility\RecipeService.class.php on line 17
[20-Jul-2022 23:10:44 Europe/Berlin] PHP Warning:  Undefined property: stdClass::$strMealThumb in E:\CSIS\Summer2022\3280\3280-project\inc\Utility\RecipeService.class.php on line 18
[20-Jul-2022 23:10:44 Europe/Berlin] PHP Warning:  Undefined property: stdClass::$strCategory in E:\CSIS\Summer2022\3280\3280-project\inc\Utility\RecipeService.class.php on line 19
[20-Jul-2022 23:10:44 Europe/Berlin] PHP Warning:  Undefined property: stdClass::$strTags in E:\CSIS\Summer2022\3280\3280-project\inc\Utility\RecipeService.class.php on line 20
[20-Jul-2022 23:10:45 Europe/Berlin] PHP Warning:  Undefined property: stdClass::$strMeal in E:\CSIS\Summer2022\3280\3280-project\inc\Utility\RecipeService.class.php on line 16
[20-Jul-2022 23:10:45 Europe/Berlin] PHP Warning:  Undefined property: stdClass::$strInstructions in E:\CSIS\Summer2022\3280\3280-project\inc\Utility\RecipeService.class.php on line 17
[20-Jul-2022 23:10:45 Europe/Berlin] PHP Warning:  Undefined property: stdClass::$strMealThumb in E:\CSIS\Summer2022\3280\3280-project\inc\Utility\RecipeService.class.php on line 18
[20-Jul-2022 23:10:45 Europe/Berlin] PHP Warning:  Undefined property: stdClass::$strCategory in E:\CSIS\Summer2022\3280\3280-project\inc\Utility\RecipeService.class.php on line 19
[20-Jul-2022 23:10:45 Europe/Berlin] PHP Warning:  Undefined property: stdClass::$strTags in E:\CSIS\Summer2022\3280\3280-project\inc\Utility\RecipeService.class.php on line 20
[20-Jul-2022 23:10:45 Europe/Berlin] PHP Warning:  Undefined property: stdClass::$strMeal in E:\CSIS\Summer2022\3280\3280-project\inc\Utility\RecipeService.class.php on line 16
[20-Jul-2022 23:10:45 Europe/Berlin] PHP Warning:  Undefined property: stdClass::$strInstructions in E:\CSIS\Summer2022\3280\3280-project\inc\Utility\RecipeService.class.php on line 17
[20-Jul-2022 23:10:45 Europe/Berlin] PHP Warning:  Undefined property: stdClass::$strMealThumb in E:\CSIS\Summer2022\3280\3280-project\inc\Utility\RecipeService.class.php on line 18
[20-Jul-2022 23:10:45 Europe/Berlin] PHP Warning:  Undefined property: stdClass::$strCategory in E:\CSIS\Summer2022\3280\3280-project\inc\Utility\RecipeService.class.php on line 19
[20-Jul-2022 23:10:45 Europe/Berlin] PHP Warning:  Undefined property: stdClass::$strTags in E:\CSIS\Summer2022\3280\3280-project\inc\Utility\RecipeService.class.php on line 20
[20-Jul-2022 23:10:45 Europe/Berlin] PHP Warning:  Undefined property: stdClass::$strMeal in E:\CSIS\Summer2022\3280\3280-project\inc\Utility\RecipeService.class.php on line 16
[20-Jul-2022 23:10:45 Europe/Berlin] PHP Warning:  Undefined property: stdClass::$strInstructions in E:\CSIS\Summer2022\3280\3280-project\inc\Utility\RecipeService.class.php on line 17
[20-Jul-2022 23:10:45 Europe/Berlin] PHP Warning:  Undefined property: stdClass::$strMealThumb in E:\CSIS\Summer2022\3280\3280-project\inc\Utility\RecipeService.class.php on line 18
[20-Jul-2022 23:10:45 Europe/Berlin] PHP Warning:  Undefined property: stdClass::$strCategory in E:\CSIS\Summer2022\3280\3280-project\inc\Utility\RecipeService.class.php on line 19
[20-Jul-2022 23:10:45 Europe/Berlin] PHP Warning:  Undefined property: stdClass::$strTags in E:\CSIS\Summer2022\3280\3280-project\inc\Utility\RecipeService.class.php on line 20
[20-Jul-2022 23:10:46 Europe/Berlin] PHP Warning:  Undefined property: stdClass::$strMeal in E:\CSIS\Summer2022\3280\3280-project\inc\Utility\RecipeService.class.php on line 16
[20-Jul-2022 23:10:46 Europe/Berlin] PHP Warning:  Undefined property: stdClass::$strInstructions in E:\CSIS\Summer2022\3280\3280-project\inc\Utility\RecipeService.class.php on line 17
[20-Jul-2022 23:10:46 Europe/Berlin] PHP Warning:  Undefined property: stdClass::$strMealThumb in E:\CSIS\Summer2022\3280\3280-project\inc\Utility\RecipeService.class.php on line 18
[20-Jul-2022 23:10:46 Europe/Berlin] PHP Warning:  Undefined property: stdClass::$strCategory in E:\CSIS\Summer2022\3280\3280-project\inc\Utility\RecipeService.class.php on line 19
[20-Jul-2022 23:10:46 Europe/Berlin] PHP Warning:  Undefined property: stdClass::$strTags in E:\CSIS\Summer2022\3280\3280-project\inc\Utility\RecipeService.class.php on line 20
[20-Jul-2022 23:10:46 Europe/Berlin] PHP Warning:  Undefined property: stdClass::$strMeal in E:\CSIS\Summer2022\3280\3280-project\inc\Utility\RecipeService.class.php on line 16
[20-Jul-2022 23:10:46 Europe/Berlin] PHP Warning:  Undefined property: stdClass::$strInstructions in E:\CSIS\Summer2022\3280\3280-project\inc\Utility\RecipeService.class.php on line 17
[20-Jul-2022 23:10:46 Europe/Berlin] PHP Warning:  Undefined property: stdClass::$strMealThumb in E:\CSIS\Summer2022\3280\3280-project\inc\Utility\RecipeService.class.php on line 18
[20-Jul-2022 23:10:46 Europe/Berlin] PHP Warning:  Undefined property: stdClass::$strCategory in E:\CSIS\Summer2022\3280\3280-project\inc\Utility\RecipeService.class.php on line 19
[20-Jul-2022 23:10:46 Europe/Berlin] PHP Warning:  Undefined property: stdClass::$strTags in E:\CSIS\Summer2022\3280\3280-project\inc\Utility\RecipeService.class.php on line 20
[21-Jul-2022 00:05:46 Europe/Berlin] PHP Fatal error:  Uncaught Error: Call to a member function rowCount() on null in E:\CSIS\Summer2022\3280\3280-project\inc\Utility\RecipeDAO.class.php:56
Stack trace:
#0 E:\CSIS\Summer2022\3280\3280-project\inc\Utility\RecipeService.class.php(33): RecipeDAO::getRowCount()
#1 E:\CSIS\Summer2022\3280\3280-project\Home.php(18): RecipeService::saveRecipes()
#2 {main}
  thrown in E:\CSIS\Summer2022\3280\3280-project\inc\Utility\RecipeDAO.class.php on line 56
[21-Jul-2022 00:10:38 Europe/Berlin] PHP Fatal error:  Uncaught Error: Call to a member function query() on null in E:\CSIS\Summer2022\3280\3280-project\inc\Utility\RecipeDAO.class.php:48
Stack trace:
#0 E:\CSIS\Summer2022\3280\3280-project\inc\Utility\RecipeDAO.class.php(56): RecipeDAO::getAllRecipes()
#1 E:\CSIS\Summer2022\3280\3280-project\inc\Utility\RecipeService.class.php(33): RecipeDAO::getRowCount()
#2 E:\CSIS\Summer2022\3280\3280-project\Home.php(18): RecipeService::saveRecipes()
#3 {main}
  thrown in E:\CSIS\Summer2022\3280\3280-project\inc\Utility\RecipeDAO.class.php on line 48
[21-Jul-2022 00:11:14 Europe/Berlin] PHP Fatal error:  Uncaught Error: Call to a member function query() on null in E:\CSIS\Summer2022\3280\3280-project\inc\Utility\RecipeDAO.class.php:21
Stack trace:
#0 E:\CSIS\Summer2022\3280\3280-project\inc\Utility\RecipeService.class.php(50): RecipeDAO::saveRecipe(Object(Recipe))
#1 E:\CSIS\Summer2022\3280\3280-project\Home.php(18): RecipeService::saveRecipes()
#2 {main}
  thrown in E:\CSIS\Summer2022\3280\3280-project\inc\Utility\RecipeDAO.class.php on line 21
[21-Jul-2022 00:15:20 Europe/Berlin] PHP Fatal error:  Uncaught Error: Call to a member function query() on null in E:\CSIS\Summer2022\3280\3280-project\inc\Utility\RecipeDAO.class.php:21
Stack trace:
#0 E:\CSIS\Summer2022\3280\3280-project\inc\Utility\RecipeService.class.php(50): RecipeDAO::saveRecipe(Object(Recipe))
#1 E:\CSIS\Summer2022\3280\3280-project\Home.php(18): RecipeService::saveRecipes()
#2 {main}
  thrown in E:\CSIS\Summer2022\3280\3280-project\inc\Utility\RecipeDAO.class.php on line 21
[21-Jul-2022 00:15:31 Europe/Berlin] PHP Fatal error:  Uncaught Error: Call to a member function query() on null in E:\CSIS\Summer2022\3280\3280-project\inc\Utility\RecipeDAO.class.php:21
Stack trace:
#0 E:\CSIS\Summer2022\3280\3280-project\inc\Utility\RecipeService.class.php(50): RecipeDAO::saveRecipe(Object(Recipe))
#1 E:\CSIS\Summer2022\3280\3280-project\Home.php(18): RecipeService::saveRecipes()
#2 {main}
  thrown in E:\CSIS\Summer2022\3280\3280-project\inc\Utility\RecipeDAO.class.php on line 21
[21-Jul-2022 00:17:06 Europe/Berlin] PHP Fatal error:  Uncaught Error: Call to a member function rowCount() on null in E:\CSIS\Summer2022\3280\3280-project\inc\Utility\PDOAgent.class.php:93
Stack trace:
#0 E:\CSIS\Summer2022\3280\3280-project\inc\Utility\RecipeDAO.class.php(56): PDOAgent->rowCount()
#1 E:\CSIS\Summer2022\3280\3280-project\inc\Utility\RecipeService.class.php(34): RecipeDAO::getRowCount()
#2 E:\CSIS\Summer2022\3280\3280-project\Home.php(18): RecipeService::saveRecipes()
#3 {main}
  thrown in E:\CSIS\Summer2022\3280\3280-project\inc\Utility\PDOAgent.class.php on line 93
[21-Jul-2022 00:17:58 Europe/Berlin] PHP Fatal error:  Uncaught Error: Call to a member function rowCount() on null in E:\CSIS\Summer2022\3280\3280-project\inc\Utility\PDOAgent.class.php:93
Stack trace:
#0 E:\CSIS\Summer2022\3280\3280-project\inc\Utility\RecipeDAO.class.php(56): PDOAgent->rowCount()
#1 E:\CSIS\Summer2022\3280\3280-project\inc\Utility\RecipeService.class.php(33): RecipeDAO::getRowCount()
#2 E:\CSIS\Summer2022\3280\3280-project\Home.php(22): RecipeService::saveRecipes()
#3 {main}
  thrown in E:\CSIS\Summer2022\3280\3280-project\inc\Utility\PDOAgent.class.php on line 93
[21-Jul-2022 00:18:05 Europe/Berlin] PHP Fatal error:  Uncaught Error: Call to a member function rowCount() on null in E:\CSIS\Summer2022\3280\3280-project\inc\Utility\PDOAgent.class.php:93
Stack trace:
#0 E:\CSIS\Summer2022\3280\3280-project\inc\Utility\RecipeDAO.class.php(56): PDOAgent->rowCount()
#1 E:\CSIS\Summer2022\3280\3280-project\inc\Utility\RecipeService.class.php(33): RecipeDAO::getRowCount()
#2 E:\CSIS\Summer2022\3280\3280-project\Home.php(22): RecipeService::saveRecipes()
#3 {main}
  thrown in E:\CSIS\Summer2022\3280\3280-project\inc\Utility\PDOAgent.class.php on line 93
[22-Jul-2022 00:59:10 Europe/Berlin] Please enter the correct email address.
[22-Jul-2022 00:59:10 Europe/Berlin] Please enter your password with at least 8 characters.
[22-Jul-2022 01:14:18 Europe/Berlin] Please enter the correct email address.
[22-Jul-2022 01:14:18 Europe/Berlin] Please enter your password with at least 8 characters.
[22-Jul-2022 02:27:09 Europe/Berlin] PHP Fatal error:  Uncaught Error: Call to undefined method stdClass::getImageURL() in E:\CSIS\Summer2022\3280\3280-project\inc\Entity\Page.class.php:205
Stack trace:
#0 E:\CSIS\Summer2022\3280\3280-project\Recipes.php(28): Page::showOrderRecipeCard(Object(stdClass))
#1 {main}
  thrown in E:\CSIS\Summer2022\3280\3280-project\inc\Entity\Page.class.php on line 205
[22-Jul-2022 02:28:20 Europe/Berlin] PHP Fatal error:  Uncaught Error: Call to undefined method stdClass::getImageURL() in E:\CSIS\Summer2022\3280\3280-project\inc\Entity\Page.class.php:205
Stack trace:
#0 E:\CSIS\Summer2022\3280\3280-project\Recipes.php(29): Page::showOrderRecipeCard(Object(stdClass))
#1 {main}
  thrown in E:\CSIS\Summer2022\3280\3280-project\inc\Entity\Page.class.php on line 205
[22-Jul-2022 02:28:24 Europe/Berlin] PHP Fatal error:  Uncaught Error: Call to undefined method stdClass::getImageURL() in E:\CSIS\Summer2022\3280\3280-project\inc\Entity\Page.class.php:205
Stack trace:
#0 E:\CSIS\Summer2022\3280\3280-project\Recipes.php(29): Page::showOrderRecipeCard(Object(stdClass))
#1 {main}
  thrown in E:\CSIS\Summer2022\3280\3280-project\inc\Entity\Page.class.php on line 205
[22-Jul-2022 02:28:43 Europe/Berlin] PHP Fatal error:  Uncaught Error: Call to undefined method stdClass::getImageURL() in E:\CSIS\Summer2022\3280\3280-project\inc\Entity\Page.class.php:205
Stack trace:
#0 E:\CSIS\Summer2022\3280\3280-project\Recipes.php(29): Page::showOrderRecipeCard(Object(stdClass))
#1 {main}
  thrown in E:\CSIS\Summer2022\3280\3280-project\inc\Entity\Page.class.php on line 205
[22-Jul-2022 02:28:45 Europe/Berlin] PHP Fatal error:  Uncaught Error: Call to undefined method stdClass::getImageURL() in E:\CSIS\Summer2022\3280\3280-project\inc\Entity\Page.class.php:205
Stack trace:
#0 E:\CSIS\Summer2022\3280\3280-project\Recipes.php(29): Page::showOrderRecipeCard(Object(stdClass))
#1 {main}
  thrown in E:\CSIS\Summer2022\3280\3280-project\inc\Entity\Page.class.php on line 205
[22-Jul-2022 06:41:09 Europe/Berlin] PHP Warning:  Undefined property: Recipe::$getYoutubeLink in E:\CSIS\Summer2022\3280\3280-project\inc\Entity\Page.class.php on line 236
[22-Jul-2022 06:41:09 Europe/Berlin] PHP Warning:  Undefined property: Recipe::$getYoutubeLink in E:\CSIS\Summer2022\3280\3280-project\inc\Entity\Page.class.php on line 236
[22-Jul-2022 06:41:09 Europe/Berlin] PHP Warning:  Undefined property: Recipe::$getYoutubeLink in E:\CSIS\Summer2022\3280\3280-project\inc\Entity\Page.class.php on line 236
[22-Jul-2022 06:41:09 Europe/Berlin] PHP Warning:  Undefined property: Recipe::$getYoutubeLink in E:\CSIS\Summer2022\3280\3280-project\inc\Entity\Page.class.php on line 236
[22-Jul-2022 06:41:09 Europe/Berlin] PHP Warning:  Undefined property: Recipe::$getYoutubeLink in E:\CSIS\Summer2022\3280\3280-project\inc\Entity\Page.class.php on line 236
[22-Jul-2022 06:41:09 Europe/Berlin] PHP Warning:  Undefined property: Recipe::$getYoutubeLink in E:\CSIS\Summer2022\3280\3280-project\inc\Entity\Page.class.php on line 236
[22-Jul-2022 06:41:09 Europe/Berlin] PHP Warning:  Undefined property: Recipe::$getYoutubeLink in E:\CSIS\Summer2022\3280\3280-project\inc\Entity\Page.class.php on line 236
[22-Jul-2022 06:41:09 Europe/Berlin] PHP Warning:  Undefined property: Recipe::$getYoutubeLink in E:\CSIS\Summer2022\3280\3280-project\inc\Entity\Page.class.php on line 236
[22-Jul-2022 06:41:09 Europe/Berlin] PHP Warning:  Undefined property: Recipe::$getYoutubeLink in E:\CSIS\Summer2022\3280\3280-project\inc\Entity\Page.class.php on line 236
[22-Jul-2022 06:41:09 Europe/Berlin] PHP Warning:  Undefined property: Recipe::$getImageURL in E:\CSIS\Summer2022\3280\3280-project\inc\Entity\Page.class.php on line 234
[22-Jul-2022 06:41:09 Europe/Berlin] PHP Warning:  Undefined property: Recipe::$getImageURL in E:\CSIS\Summer2022\3280\3280-project\inc\Entity\Page.class.php on line 234
[22-Jul-2022 06:41:09 Europe/Berlin] PHP Warning:  Undefined property: Recipe::$getYoutubeLink in E:\CSIS\Summer2022\3280\3280-project\inc\Entity\Page.class.php on line 236
[22-Jul-2022 06:42:44 Europe/Berlin] PHP Warning:  Undefined property: Recipe::$getYoutubeLink in E:\CSIS\Summer2022\3280\3280-project\inc\Entity\Page.class.php on line 236
[22-Jul-2022 06:42:44 Europe/Berlin] PHP Warning:  Undefined property: Recipe::$getYoutubeLink in E:\CSIS\Summer2022\3280\3280-project\inc\Entity\Page.class.php on line 236
[22-Jul-2022 06:42:44 Europe/Berlin] PHP Warning:  Undefined property: Recipe::$getYoutubeLink in E:\CSIS\Summer2022\3280\3280-project\inc\Entity\Page.class.php on line 236
[22-Jul-2022 06:42:44 Europe/Berlin] PHP Warning:  Undefined property: Recipe::$getYoutubeLink in E:\CSIS\Summer2022\3280\3280-project\inc\Entity\Page.class.php on line 236
[22-Jul-2022 06:42:44 Europe/Berlin] PHP Warning:  Undefined property: Recipe::$getYoutubeLink in E:\CSIS\Summer2022\3280\3280-project\inc\Entity\Page.class.php on line 236
[22-Jul-2022 06:42:44 Europe/Berlin] PHP Warning:  Undefined property: Recipe::$getYoutubeLink in E:\CSIS\Summer2022\3280\3280-project\inc\Entity\Page.class.php on line 236
[22-Jul-2022 06:42:44 Europe/Berlin] PHP Warning:  Undefined property: Recipe::$getYoutubeLink in E:\CSIS\Summer2022\3280\3280-project\inc\Entity\Page.class.php on line 236
[22-Jul-2022 06:42:44 Europe/Berlin] PHP Warning:  Undefined property: Recipe::$getYoutubeLink in E:\CSIS\Summer2022\3280\3280-project\inc\Entity\Page.class.php on line 236
[22-Jul-2022 06:42:44 Europe/Berlin] PHP Warning:  Undefined property: Recipe::$getYoutubeLink in E:\CSIS\Summer2022\3280\3280-project\inc\Entity\Page.class.php on line 236
[22-Jul-2022 06:42:44 Europe/Berlin] PHP Warning:  Undefined property: Recipe::$getImageURL in E:\CSIS\Summer2022\3280\3280-project\inc\Entity\Page.class.php on line 234
[22-Jul-2022 06:42:44 Europe/Berlin] PHP Warning:  Undefined property: Recipe::$getImageURL in E:\CSIS\Summer2022\3280\3280-project\inc\Entity\Page.class.php on line 234
[22-Jul-2022 06:42:44 Europe/Berlin] PHP Warning:  Undefined property: Recipe::$getYoutubeLink in E:\CSIS\Summer2022\3280\3280-project\inc\Entity\Page.class.php on line 236
[22-Jul-2022 06:43:12 Europe/Berlin] PHP Warning:  Undefined property: Recipe::$getYoutubeLink in E:\CSIS\Summer2022\3280\3280-project\inc\Entity\Page.class.php on line 236
[22-Jul-2022 06:43:12 Europe/Berlin] PHP Warning:  Undefined property: Recipe::$getYoutubeLink in E:\CSIS\Summer2022\3280\3280-project\inc\Entity\Page.class.php on line 236
[22-Jul-2022 06:43:12 Europe/Berlin] PHP Warning:  Undefined property: Recipe::$getYoutubeLink in E:\CSIS\Summer2022\3280\3280-project\inc\Entity\Page.class.php on line 236
[22-Jul-2022 06:43:12 Europe/Berlin] PHP Warning:  Undefined property: Recipe::$getYoutubeLink in E:\CSIS\Summer2022\3280\3280-project\inc\Entity\Page.class.php on line 236
[22-Jul-2022 06:43:12 Europe/Berlin] PHP Warning:  Undefined property: Recipe::$getYoutubeLink in E:\CSIS\Summer2022\3280\3280-project\inc\Entity\Page.class.php on line 236
[22-Jul-2022 06:43:12 Europe/Berlin] PHP Warning:  Undefined property: Recipe::$getYoutubeLink in E:\CSIS\Summer2022\3280\3280-project\inc\Entity\Page.class.php on line 236
[22-Jul-2022 06:43:12 Europe/Berlin] PHP Warning:  Undefined property: Recipe::$getYoutubeLink in E:\CSIS\Summer2022\3280\3280-project\inc\Entity\Page.class.php on line 236
[22-Jul-2022 06:43:12 Europe/Berlin] PHP Warning:  Undefined property: Recipe::$getYoutubeLink in E:\CSIS\Summer2022\3280\3280-project\inc\Entity\Page.class.php on line 236
[22-Jul-2022 06:43:12 Europe/Berlin] PHP Warning:  Undefined property: Recipe::$getYoutubeLink in E:\CSIS\Summer2022\3280\3280-project\inc\Entity\Page.class.php on line 236
[22-Jul-2022 06:43:12 Europe/Berlin] PHP Warning:  Undefined property: Recipe::$getImageURL in E:\CSIS\Summer2022\3280\3280-project\inc\Entity\Page.class.php on line 234
[22-Jul-2022 06:43:12 Europe/Berlin] PHP Warning:  Undefined property: Recipe::$getImageURL in E:\CSIS\Summer2022\3280\3280-project\inc\Entity\Page.class.php on line 234
[22-Jul-2022 06:43:12 Europe/Berlin] PHP Warning:  Undefined property: Recipe::$getYoutubeLink in E:\CSIS\Summer2022\3280\3280-project\inc\Entity\Page.class.php on line 236
[22-Jul-2022 06:44:27 Europe/Berlin] PHP Warning:  Undefined property: Recipe::$getImageURL in E:\CSIS\Summer2022\3280\3280-project\inc\Entity\Page.class.php on line 234
[22-Jul-2022 06:44:27 Europe/Berlin] PHP Warning:  Undefined property: Recipe::$getImageURL in E:\CSIS\Summer2022\3280\3280-project\inc\Entity\Page.class.php on line 234
>>>>>>> 689bc54fd6df2a8b1a80f568455fd63289233c2f
[22-Jul-2022 07:29:34 Europe/Berlin] PHP Fatal error:  Uncaught Error: Call to a member function prepare() on string in E:\CSIS\Summer2022\3280\3280-project\inc\Utility\PDOAgent.class.php:45
Stack trace:
#0 E:\CSIS\Summer2022\3280\3280-project\inc\Utility\RecipeDAO.class.php(58): PDOAgent->query('SELECT * FROM r...')
#1 E:\CSIS\Summer2022\3280\3280-project\inc\Utility\RecipeService.class.php(10): RecipeDAO::getRowCount()
#2 E:\CSIS\Summer2022\3280\3280-project\Home.php(22): RecipeService::saveRecipes()
#3 {main}
  thrown in E:\CSIS\Summer2022\3280\3280-project\inc\Utility\PDOAgent.class.php on line 45
[22-Jul-2022 07:32:48 Europe/Berlin] PHP Warning:  Cannot modify header information - headers already sent by (output started at E:\CSIS\Summer2022\3280\3280-project\inc\Entity\Page.class.php:12) in E:\CSIS\Summer2022\3280\3280-project\Order.php on line 86
[22-Jul-2022 07:49:35 Europe/Berlin] PHP Warning:  Cannot modify header information - headers already sent by (output started at E:\CSIS\Summer2022\3280\3280-project\inc\Entity\Page.class.php:12) in E:\CSIS\Summer2022\3280\3280-project\Order.php on line 86
[22-Jul-2022 07:49:42 Europe/Berlin] PHP Warning:  Undefined array key "mealName" in E:\CSIS\Summer2022\3280\3280-project\Order.php on line 33
[22-Jul-2022 07:49:45 Europe/Berlin] PHP Warning:  Undefined array key "mealName" in E:\CSIS\Summer2022\3280\3280-project\Order.php on line 33
[22-Jul-2022 07:49:45 Europe/Berlin] PHP Fatal error:  Uncaught Error: Call to a member function getPricePerPortion() on bool in E:\CSIS\Summer2022\3280\3280-project\Order.php:56
Stack trace:
#0 {main}
  thrown in E:\CSIS\Summer2022\3280\3280-project\Order.php on line 56
